81.56.9.191 - - [18/May/2015:05:05:46 +0000] "GET /presentations/puppet-at-loggly/puppet-at-loggly.pdf.html HTTP/1.1" 200 24747 "https://www.google.fr/" "Mozilla/5.0 (X11; Linux x86_64) AppleWebKit/537.36 (KHTML, like Gecko) Chrome/30.0.1599.101 Safari/537.36"
81.56.9.191 - - [18/May/2015:05:05:53 +0000] "GET /favicon.ico HTTP/1.1" 200 3638 "-" "Mozilla/5.0 (X11; Linux x86_64) AppleWebKit/537.36 (KHTML, like Gecko) Chrome/30.0.1599.101 Safari/537.36"
108.171.116.194 - - [18/May/2015:05:05:30 +0000] "GET /blog/geekery/disabling-battery-in-ubuntu-vms.html?utm_source=feedburner&utm_medium=feed&utm_campaign=Feed:+semicomplete/main+(semicomplete.com+-+Jordan+Sissel) HTTP/1.1" 200 9316 "-" "Mozilla/5.0 (Windows; U; Windows NT 5.2; en-US; rv:1.8.1.4) Gecko/20070515 Firefox/2.0.0.4"
108.171.116.194 - - [18/May/2015:05:05:57 +0000] "GET /blog/geekery/tf2-wine-linux-performance-tuning.html?utm_source=feedburner&utm_medium=feed&utm_campaign=Feed:+semicomplete/main+(semicomplete.com+-+Jordan+Sissel) HTTP/1.1" 200 10021 "-" "Mozilla/5.0 (Windows; U; Windows NT 5.2; en-US; rv:1.8.1.4) Gecko/20070515 Firefox/2.0.0.4"
66.249.73.135 - - [18/May/2015:05:05:32 +0000] "GET /blog/tags/libpcre HTTP/1.1" 200 8809 "-" "Mozilla/5.0 (iPhone; CPU iPhone OS 6_0 like Mac OS X) AppleWebKit/536.26 (KHTML, like Gecko) Version/6.0 Mobile/10A5376e Safari/8536.25 (compatible; Googlebot/2.1; +http://www.google.com/bot.html)"
108.171.116.194 - - [18/May/2015:05:05:47 +0000] "GET /blog/geekery/CEE-logging-for-profit.html?utm_source=feedburner&utm_medium=feed&utm_campaign=Feed:+semicomplete/main+(semicomplete.com+-+Jordan+Sissel) HTTP/1.1" 200 13358 "-" "Mozilla/5.0 (Windows; U; Windows NT 5.2; en-US; rv:1.8.1.4) Gecko/20070515 Firefox/2.0.0.4"
108.171.116.194 - - [18/May/2015:05:05:14 +0000] "GET /blog/growing-logstash-value.html?utm_source=feedburner&utm_medium=feed&utm_campaign=Feed:+semicomplete/main+(semicomplete.com+-+Jordan+Sissel) HTTP/1.1" 200 11113 "-" "Mozilla/5.0 (Windows; U; Windows NT 5.2; en-US; rv:1.8.1.4) Gecko/20070515 Firefox/2.0.0.4"
108.171.116.194 - - [18/May/2015:05:05:31 +0000] "GET /blog/geekery/installing-windows-8-consumer-preview.html?utm_source=feedburner&utm_medium=feed&utm_campaign=Feed:+semicomplete/main+(semicomplete.com+-+Jordan+Sissel) HTTP/1.1" 200 8948 "-" "Mozilla/5.0 (Windows; U; Windows NT 5.2; en-US; rv:1.8.1.4) Gecko/20070515 Firefox/2.0.0.4"
108.171.116.194 - - [18/May/2015:05:05:51 +0000] "GET /blog/geekery/solving-good-or-bad-problems.html?utm_source=feedburner&utm_medium=feed&utm_campaign=Feed:+semicomplete/main+(semicomplete.com+-+Jordan+Sissel) HTTP/1.1" 200 10756 "-" "Mozilla/5.0 (Windows; U; Windows NT 5.2; en-US; rv:1.8.1.4) Gecko/20070515 Firefox/2.0.0.4"
208.91.156.11 - - [18/May/2015:05:05:07 +0000] "GET /files/logstash/logstash-1.3.2-monolithic.jar HTTP/1.1" 404 324 "-" "Chef Client/10.18.2 (ruby-1.9.3-p327; ohai-6.16.0; x86_64-linux; +http://opscode.com)"
50.16.19.13 - - [18/May/2015:05:05:02 +0000] "GET /blog/tags/puppet?flav=rss20 HTTP/1.1" 200 14872 "http://www.semicomplete.com/blog/tags/puppet?flav=rss20" "Tiny Tiny RSS/1.11 (http://tt-rss.org/)"
108.171.116.194 - - [18/May/2015:05:05:25 +0000] "GET /blog/geekery/insist-on-better-asserts.html?utm_source=feedburner&utm_medium=feed&utm_campaign=Feed:+semicomplete/main+(semicomplete.com+-+Jordan+Sissel) HTTP/1.1" 200 9514 "-" "Mozilla/5.0 (Windows; U; Windows NT 5.2; en-US; rv:1.8.1.4) Gecko/20070515 Firefox/2.0.0.4"
108.171.116.194 - - [18/May/2015:05:05:59 +0000] "GET /blog/geekery/xdotool-2.20110530.html?utm_source=feedburner&utm_medium=feed&utm_campaign=Feed:+semicomplete/main+(semicomplete.com+-+Jordan+Sissel) HTTP/1.1" 200 11936 "-" "Mozilla/5.0 (Windows; U; Windows NT 5.2; en-US; rv:1.8.1.4) Gecko/20070515 Firefox/2.0.0.4"
108.171.116.194 - - [18/May/2015:05:05:17 +0000] "GET /blog/geekery/logstash-1.0.0-release.html?utm_source=feedburner&utm_medium=feed&utm_campaign=Feed:+semicomplete/main+(semicomplete.com+-+Jordan+Sissel) HTTP/1.1" 200 8764 "-" "Mozilla/5.0 (Windows; U; Windows NT 5.2; en-US; rv:1.8.1.4) Gecko/20070515 Firefox/2.0.0.4"
69.234.185.154 - - [18/May/2015:05:05:11 +0000] "GET /articles/dynamic-dns-with-dhcp/ HTTP/1.1" 200 18848 "-" "Mozilla/5.0 (Windows NT 6.1; WOW64; rv:26.0) Gecko/20100101 Firefox/26.0"
69.234.185.154 - - [18/May/2015:05:05:20 +0000] "GET /reset.css HTTP/1.1" 200 1015 "http://www.semicomplete.com/articles/dynamic-dns-with-dhcp/" "Mozilla/5.0 (Windows NT 6.1; WOW64; rv:26.0) Gecko/20100101 Firefox/26.0"
69.234.185.154 - - [18/May/2015:05:05:02 +0000] "GET /style2.css HTTP/1.1" 200 4877 "http://www.semicomplete.com/articles/dynamic-dns-with-dhcp/" "Mozilla/5.0 (Windows NT 6.1; WOW64; rv:26.0) Gecko/20100101 Firefox/26.0"
69.234.185.154 - - [18/May/2015:05:05:18 +0000] "GET /favicon.ico HTTP/1.1" 200 3638 "-" "Mozilla/5.0 (Windows NT 6.1; WOW64; rv:26.0) Gecko/20100101 Firefox/26.0"
69.234.185.154 - - [18/May/2015:05:05:43 +0000] "GET /images/jordan-80.png HTTP/1.1" 200 6146 "http://www.semicomplete.com/articles/dynamic-dns-with-dhcp/" "Mozilla/5.0 (Windows NT 6.1; WOW64; rv:26.0) Gecko/20100101 Firefox/26.0"
69.234.185.154 - - [18/May/2015:05:05:49 +0000] "GET /images/web/2009/banner.png HTTP/1.1" 200 52315 "http://www.semicomplete.com/style2.css" "Mozilla/5.0 (Windows NT 6.1; WOW64; rv:26.0) Gecko/20100101 Firefox/26.0"
46.105.14.53 - - [18/May/2015:05:05:31 +0000] "GET /blog/tags/puppet?flav=rss20 HTTP/1.1" 200 14872 "-" "UniversalFeedParser/4.2-pre-314-svn +http://feedparser.org/"
66.249.73.135 - - [18/May/2015:05:05:32 +0000] "GET /blog/tags/fix HTTP/1.1" 200 9183 "-" "Mozilla/5.0 (iPhone; CPU iPhone OS 6_0 like Mac OS X) AppleWebKit/536.26 (KHTML, like Gecko) Version/6.0 Mobile/10A5376e Safari/8536.25 (compatible; Googlebot/2.1; +http://www.google.com/bot.html)"
86.220.101.19 - - [18/May/2015:05:05:37 +0000] "GET /presentations/logstash-puppetconf-2012/ HTTP/1.1" 200 37269 "http://semicomplete.com/" "Mozilla/5.0 (Macintosh; Intel Mac OS X 10.7; rv:21.0) Gecko/20100101 Firefox/21.0"
86.220.101.19 - - [18/May/2015:05:05:52 +0000] "GET /presentations/puppet-at-loggly/puppet-at-loggly.pdf.html HTTP/1.1" 200 24747 "http://semicomplete.com/" "Mozilla/5.0 (Macintosh; Intel Mac OS X 10.7; rv:21.0) Gecko/20100101 Firefox/21.0"
66.249.73.135 - - [18/May/2015:05:05:49 +0000] "GET /blog/tags/firefox?flav=rss20 HTTP/1.1" 200 16021 "-" "Mozilla/5.0 (compatible; Googlebot/2.1; +http://www.google.com/bot.html)"
46.105.14.53 - - [18/May/2015:05:05:42 +0000] "GET /blog/tags/puppet?flav=rss20 HTTP/1.1" 200 14872 "-" "UniversalFeedParser/4.2-pre-314-svn +http://feedparser.org/"
85.19.71.167 - - [18/May/2015:05:05:16 +0000] "GET /wp/wp-admin/ HTTP/1.1" 404 292 "-" "-"
186.22.52.72 - - [18/May/2015:05:05:41 +0000] "GET /blog/tags/jquery%20mobile HTTP/1.1" 200 9571 "http://www.google.com.ar/url?sa=t&rct=j&q=&esrc=s&source=web&cd=5&ved=0CFwQFjAE&url=http%3A%2F%2Fwww.semicomplete.com%2Fblog%2Ftags%2Fjquery%2520mobile&ei=1jMBU5G5N4TuyAHvj4FI&usg=AFQjCNHmLYX9aoOZ44fBHqIez5bhZjlmiQ&sig2=aWrHrfL7HucJvUauMaiK-g&bvm=bv.61535280,d.aWc&cad=rja" "Mozilla/5.0 (X11; Linux i686; rv:22.0) Gecko/20100101 Firefox/22.0"
186.22.52.72 - - [18/May/2015:05:05:56 +0000] "GET /reset.css HTTP/1.1" 200 1015 "http://www.semicomplete.com/blog/tags/jquery%20mobile" "Mozilla/5.0 (X11; Linux i686; rv:22.0) Gecko/20100101 Firefox/22.0"
186.22.52.72 - - [18/May/2015:05:05:36 +0000] "GET /style2.css HTTP/1.1" 200 4877 "http://www.semicomplete.com/blog/tags/jquery%20mobile" "Mozilla/5.0 (X11; Linux i686; rv:22.0) Gecko/20100101 Firefox/22.0"
186.22.52.72 - - [18/May/2015:05:05:02 +0000] "GET /favicon.ico HTTP/1.1" 200 3638 "-" "Mozilla/5.0 (X11; Linux i686; rv:22.0) Gecko/20100101 Firefox/22.0"
186.22.52.72 - - [18/May/2015:05:05:51 +0000] "GET /images/jordan-80.png HTTP/1.1" 200 6146 "http://www.semicomplete.com/blog/tags/jquery%20mobile" "Mozilla/5.0 (X11; Linux i686; rv:22.0) Gecko/20100101 Firefox/22.0"
186.22.52.72 - - [18/May/2015:05:05:39 +0000] "GET /images/web/2009/banner.png HTTP/1.1" 200 52315 "http://www.semicomplete.com/style2.css" "Mozilla/5.0 (X11; Linux i686; rv:22.0) Gecko/20100101 Firefox/22.0"
131.253.24.76 - - [18/May/2015:05:05:01 +0000] "GET /blog/2007/Jan/31 HTTP/1.1" 200 12384 "-" "Mozilla/5.0 (compatible; MSIE 9.0; Windows NT 6.1; Trident/5.0;  WOW64;  Trident/5.0)"
131.253.24.76 - - [18/May/2015:05:05:25 +0000] "GET /reset.css HTTP/1.1" 200 1015 "http://www.semicomplete.com/blog/2007/Jan/31" "Mozilla/5.0 (compatible; MSIE 9.0; Windows NT 6.1; Trident/5.0;  WOW64;  Trident/5.0)"
131.253.24.76 - - [18/May/2015:05:05:39 +0000] "GET /style2.css HTTP/1.1" 200 4877 "http://www.semicomplete.com/blog/2007/Jan/31" "Mozilla/5.0 (compatible; MSIE 9.0; Windows NT 6.1; Trident/5.0;  WOW64;  Trident/5.0)"
180.76.5.61 - - [18/May/2015:05:05:03 +0000] "GET /blog/geekery/grok-and-eventdb.html?commentlimit=0 HTTP/1.1" 200 12456 "-" "Mozilla/5.0 (compatible; Baiduspider/2.0; +http://www.baidu.com/search/spider.html)"
209.85.238.199 - - [18/May/2015:05:05:27 +0000] "GET /blog/tags/firefox?flav=rss20 HTTP/1.1" 200 16021 "-" "Feedfetcher-Google; (+http://www.google.com/feedfetcher.html; 3 subscribers; feed-id=14171215010336145331)"
207.241.237.227 - - [18/May/2015:05:05:51 +0000] "GET /blog/static/about.html HTTP/1.0" 200 11474 "http://www.semicomplete.com/about/" "Mozilla/5.0 (compatible; archive.org_bot +http://www.archive.org/details/archive.org_bot)"
88.115.211.201 - - [18/May/2015:05:05:15 +0000] "GET /favicon.ico HTTP/1.1" 200 3638 "-" "Mozilla/5.0 (X11; Linux i686; rv:26.0) Gecko/20100101 Firefox/26.0"
46.105.14.53 - - [18/May/2015:05:05:04 +0000] "GET /blog/tags/puppet?flav=rss20 HTTP/1.1" 200 14872 "-" "UniversalFeedParser/4.2-pre-314-svn +http://feedparser.org/"
74.125.176.82 - - [18/May/2015:05:05:42 +0000] "GET /?flav=rss20 HTTP/1.1" 200 29941 "-" "FeedBurner/1.0 (http://www.FeedBurner.com)"
109.74.151.149 - - [18/May/2015:05:05:11 +0000] "GET /projects/xdotool/xdotool HTTP/1.1" 404 308 "http://www.experts-exchange.com/Programming/Languages/Scripting/Python/Q_26206381.html" "Opera/9.80 (X11; Linux x86_64) Presto/2.12.388 Version/12.16"
109.74.151.149 - - [18/May/2015:05:05:15 +0000] "GET /favicon.ico HTTP/1.1" 200 3638 "http://www.semicomplete.com/projects/xdotool/xdotool" "Opera/9.80 (X11; Linux x86_64) Presto/2.12.388 Version/12.16"
109.74.151.149 - - [18/May/2015:05:05:49 +0000] "GET /projects/xdotool/ HTTP/1.1" 200 12292 "http://www.bing.com/search?q=xdotool&form=OPRTSD&pc=OPER" "Opera/9.80 (X11; Linux x86_64) Presto/2.12.388 Version/12.16"
109.74.151.149 - - [18/May/2015:05:05:17 +0000] "GET /style2.css HTTP/1.1" 200 4877 "http://www.semicomplete.com/projects/xdotool/" "Opera/9.80 (X11; Linux x86_64) Presto/2.12.388 Version/12.16"
109.74.151.149 - - [18/May/2015:05:05:27 +0000] "GET /reset.css HTTP/1.1" 200 1015 "http://www.semicomplete.com/projects/xdotool/" "Opera/9.80 (X11; Linux x86_64) Presto/2.12.388 Version/12.16"
109.74.151.149 - - [18/May/2015:05:05:09 +0000] "GET /images/jordan-80.png HTTP/1.1" 200 6146 "http://www.semicomplete.com/projects/xdotool/" "Opera/9.80 (X11; Linux x86_64) Presto/2.12.388 Version/12.16"
109.74.151.149 - - [18/May/2015:05:05:23 +0000] "GET /images/web/2009/banner.png HTTP/1.1" 200 52315 "http://www.semicomplete.com/projects/xdotool/" "Opera/9.80 (X11; Linux x86_64) Presto/2.12.388 Version/12.16"
108.174.55.234 - - [18/May/2015:05:05:01 +0000] "GET /?flav=rss20 HTTP/1.1" 200 29941 "-" "-"
66.249.73.135 - - [18/May/2015:05:05:46 +0000] "GET /blog/tags/indexing HTTP/1.1" 200 8683 "-" "Mozilla/5.0 (iPhone; CPU iPhone OS 6_0 like Mac OS X) AppleWebKit/536.26 (KHTML, like Gecko) Version/6.0 Mobile/10A5376e Safari/8536.25 (compatible; Googlebot/2.1; +http://www.google.com/bot.html)"
199.16.156.125 - - [18/May/2015:05:05:19 +0000] "GET /robots.txt HTTP/1.1" 200 - "-" "Twitterbot/1.0"
199.16.156.125 - - [18/May/2015:05:05:08 +0000] "GET /files/lumberjack/lumberjack-0.3.0.exe HTTP/1.1" 200 4378624 "-" "Twitterbot/1.0"
109.74.151.149 - - [18/May/2015:05:05:21 +0000] "GET /projects/xdotool/xdotool.xhtml HTTP/1.1" 200 50112 "http://www.semicomplete.com/projects/xdotool/" "Opera/9.80 (X11; Linux x86_64) Presto/2.12.388 Version/12.16"
91.207.5.54 - - [18/May/2015:05:05:37 +0000] "GET /presentations/vim/ HTTP/1.0" 200 20572 "http://semicomplete.com/presentations/vim/" "Mozilla/5.0 (Windows NT 6.0; rv:16.0) Gecko/20100101 Firefox/16.0"
178.19.99.39 - - [18/May/2015:05:05:23 +0000] "GET /blog/rants/forbes-dot-com-sucks.html HTTP/1.1" 200 9482 "http://www.semicomplete.com/" "Mozilla/5.0 (Macintosh; Intel Mac OS X 10.7; rv:21.0) Gecko/20100101 Firefox/21.0"
178.19.99.39 - - [18/May/2015:05:05:47 +0000] "GET /blog/rants/forbes-dot-com-sucks.html HTTP/1.1" 200 9482 "http://www.semicomplete.com/" "Mozilla/5.0 (Macintosh; Intel Mac OS X 10.7; rv:21.0) Gecko/20100101 Firefox/21.0"
66.249.73.135 - - [18/May/2015:05:05:25 +0000] "GET /?flav=rss20 HTTP/1.1" 200 29941 "-" "Mozilla/5.0 (compatible; Googlebot/2.1; +http://www.google.com/bot.html)"
50.16.19.13 - - [18/May/2015:05:05:46 +0000] "GET /blog/tags/puppet?flav=rss20 HTTP/1.1" 200 14872 "http://www.semicomplete.com/blog/tags/puppet?flav=rss20" "Tiny Tiny RSS/1.11 (http://tt-rss.org/)"
46.105.14.53 - - [18/May/2015:05:05:27 +0000] "GET /blog/tags/puppet?flav=rss20 HTTP/1.1" 200 14872 "-" "UniversalFeedParser/4.2-pre-314-svn +http://feedparser.org/"
217.69.133.70 - - [18/May/2015:05:05:32 +0000] "GET /robots.txt HTTP/1.1" 200 - "-" "Mozilla/5.0 (compatible; Linux x86_64; Mail.RU_Bot/2.0; +http://go.mail.ru/help/robots)"
217.69.133.234 - - [18/May/2015:05:05:23 +0000] "GET /presentations/logstash-scale11x/ HTTP/1.1" 304 - "-" "Mozilla/5.0 (compatible; Linux x86_64; Mail.RU_Bot/2.0; +http://go.mail.ru/help/robots)"
66.249.73.185 - - [18/May/2015:05:05:38 +0000] "GET /files/firefox-tabsearch/ HTTP/1.1" 200 1865 "-" "Mozilla/5.0 (compatible; Googlebot/2.1; +http://www.google.com/bot.html)"
66.249.73.185 - - [18/May/2015:05:05:35 +0000] "GET /files/pam_logfailure/ HTTP/1.1" 200 992 "-" "DoCoMo/2.0 N905i(c100;TB;W24H16) (compatible; Googlebot-Mobile/2.1; +http://www.google.com/bot.html)"
66.249.73.135 - - [18/May/2015:05:05:49 +0000] "GET /blog/geekery/ie-javascript-error.html HTTP/1.1" 200 8600 "-" "Mozilla/5.0 (iPhone; CPU iPhone OS 6_0 like Mac OS X) AppleWebKit/536.26 (KHTML, like Gecko) Version/6.0 Mobile/10A5376e Safari/8536.25 (compatible; Googlebot/2.1; +http://www.google.com/bot.html)"
76.203.196.208 - - [18/May/2015:05:05:41 +0000] "GET /files/rubygems615/java-ssl-debug-last-request.txt HTTP/1.1" 200 66717 "http://www.google.com/url?sa=t&rct=j&q=what%20is%20affirmtrust%20premium%20on%20blackberry&source=web&cd=10&ved=0CEIQFjAJ&url=http%3A%2F%2Fsemicomplete.com%2Ffiles%2Frubygems615%2Fjava-ssl-debug-last-request.txt&ei=2jUBU8v5N4qTyQG9goEY&usg=AFQjCNG33bG6YscoCDwU6Y_kt5UTGYCFHA&bvm=bv.61535280,d.b2I" "Mozilla/5.0 (iPad; U; CPU OS 4_3_5 like Mac OS X; en-us) AppleWebKit/533.17.9 (KHTML, like Gecko) Version/5.0.2 Mobile/8L1 Safari/6533.18.5"
209.85.238.199 - - [18/May/2015:05:05:22 +0000] "GET / HTTP/1.1" 200 37932 "-" "Feedfetcher-Google; (+http://www.google.com/feedfetcher.html; 1 subscribers; feed-id=8003088278248648013)"
46.4.101.88 - - [18/May/2015:05:05:05 +0000] "GET / HTTP/1.1" 200 37932 "http://www.semicomplete.com/" "Mozilla/5.0 (Macintosh; Intel Mac OS X 10.7; rv:21.0) Gecko/20100101 Firefox/21.0"
46.4.101.88 - - [18/May/2015:05:05:23 +0000] "GET /blog/geekery/installing-windows-8-consumer-preview.html HTTP/1.1" 200 8948 "http://www.semicomplete.com/" "Mozilla/5.0 (Macintosh; Intel Mac OS X 10.7; rv:21.0) Gecko/20100101 Firefox/21.0"
46.105.14.53 - - [18/May/2015:05:05:35 +0000] "GET /blog/tags/puppet?flav=rss20 HTTP/1.1" 200 14872 "-" "UniversalFeedParser/4.2-pre-314-svn +http://feedparser.org/"
81.82.116.247 - - [18/May/2015:05:05:02 +0000] "GET /presentations/logstash-scale11x/images/tiered-outputs-to-inputs.jpg HTTP/1.1" 200 1079983 "-" "Mozilla/5.0 (Windows NT 6.1; WOW64) AppleWebKit/537.36 (KHTML, like Gecko) Chrome/32.0.1700.107 Safari/537.36"
66.249.73.135 - - [18/May/2015:05:05:41 +0000] "GET /blog/geekery/splitting-large-logs.html HTTP/1.1" 200 11920 "-" "Mozilla/5.0 (iPhone; CPU iPhone OS 6_0 like Mac OS X) AppleWebKit/536.26 (KHTML, like Gecko) Version/6.0 Mobile/10A5376e Safari/8536.25 (compatible; Googlebot/2.1; +http://www.google.com/bot.html)"
180.76.6.52 - - [18/May/2015:05:05:14 +0000] "GET /files/fastsplit/?C=D;O=A HTTP/1.1" 200 958 "-" "Mozilla/5.0 (compatible; Baiduspider/2.0; +http://www.baidu.com/search/spider.html)"
46.105.14.53 - - [18/May/2015:05:05:20 +0000] "GET /blog/tags/puppet?flav=rss20 HTTP/1.1" 200 14872 "-" "UniversalFeedParser/4.2-pre-314-svn +http://feedparser.org/"
66.249.73.135 - - [18/May/2015:05:05:25 +0000] "GET /?flav=atom HTTP/1.1" 200 32352 "-" "Mozilla/5.0 (compatible; Googlebot/2.1; +http://www.google.com/bot.html)"
66.249.73.135 - - [18/May/2015:05:05:08 +0000] "GET /blog/geekery/vim-function-to-make-errors-readable.html HTTP/1.1" 200 10260 "-" "Mozilla/5.0 (iPhone; CPU iPhone OS 6_0 like Mac OS X) AppleWebKit/536.26 (KHTML, like Gecko) Version/6.0 Mobile/10A5376e Safari/8536.25 (compatible; Googlebot/2.1; +http://www.google.com/bot.html)"
107.170.9.55 - - [18/May/2015:05:05:04 +0000] "GET /?flav=atom HTTP/1.1" 200 32352 "-" "Feedbin - 1 subscribers"
74.125.40.21 - - [18/May/2015:05:05:52 +0000] "GET /?flav=rss20 HTTP/1.1" 200 29941 "-" "FeedBurner/1.0 (http://www.FeedBurner.com)"
69.181.104.228 - - [18/May/2015:05:05:56 +0000] "GET /projects/xdotool/ HTTP/1.1" 200 12292 "https://www.google.com/" "Mozilla/5.0 (X11; Linux i686) AppleWebKit/537.36 (KHTML, like Gecko) Chrome/31.0.1650.57 Safari/537.36"
69.181.104.228 - - [18/May/2015:05:05:45 +0000] "GET /reset.css HTTP/1.1" 200 1015 "http://www.semicomplete.com/projects/xdotool/" "Mozilla/5.0 (X11; Linux i686) AppleWebKit/537.36 (KHTML, like Gecko) Chrome/31.0.1650.57 Safari/537.36"
69.181.104.228 - - [18/May/2015:05:05:13 +0000] "GET /images/jordan-80.png HTTP/1.1" 200 6146 "http://www.semicomplete.com/projects/xdotool/" "Mozilla/5.0 (X11; Linux i686) AppleWebKit/537.36 (KHTML, like Gecko) Chrome/31.0.1650.57 Safari/537.36"
69.181.104.228 - - [18/May/2015:05:05:51 +0000] "GET /style2.css HTTP/1.1" 200 4877 "http://www.semicomplete.com/projects/xdotool/" "Mozilla/5.0 (X11; Linux i686) AppleWebKit/537.36 (KHTML, like Gecko) Chrome/31.0.1650.57 Safari/537.36"
69.181.104.228 - - [18/May/2015:05:05:04 +0000] "GET /images/web/2009/banner.png HTTP/1.1" 200 52315 "http://www.semicomplete.com/projects/xdotool/" "Mozilla/5.0 (X11; Linux i686) AppleWebKit/537.36 (KHTML, like Gecko) Chrome/31.0.1650.57 Safari/537.36"
69.181.104.228 - - [18/May/2015:05:05:05 +0000] "GET /favicon.ico HTTP/1.1" 200 3638 "-" "Mozilla/5.0 (X11; Linux i686) AppleWebKit/537.36 (KHTML, like Gecko) Chrome/31.0.1650.57 Safari/537.36"
208.91.156.11 - - [18/May/2015:05:05:57 +0000] "GET /files/logstash/logstash-1.3.2-monolithic.jar HTTP/1.1" 404 324 "-" "Chef Client/10.18.2 (ruby-1.9.3-p327; ohai-6.16.0; x86_64-linux; +http://opscode.com)"
46.105.14.53 - - [18/May/2015:05:05:20 +0000] "GET /blog/tags/puppet?flav=rss20 HTTP/1.1" 200 14872 "-" "UniversalFeedParser/4.2-pre-314-svn +http://feedparser.org/"
66.249.73.135 - - [18/May/2015:05:05:40 +0000] "GET /files/blogposts/20070915/patch-ruby1.8.6-regparse.c HTTP/1.1" 200 2729 "-" "Mozilla/5.0 (iPhone; CPU iPhone OS 6_0 like Mac OS X) AppleWebKit/536.26 (KHTML, like Gecko) Version/6.0 Mobile/10A5376e Safari/8536.25 (compatible; Googlebot/2.1; +http://www.google.com/bot.html)"
178.32.51.157 - - [18/May/2015:05:05:18 +0000] "GET /projects/xdotool/ HTTP/1.1" 200 12292 "https://www.google.co.uk/" "Mozilla/5.0 (Windows NT 6.1; WOW64) AppleWebKit/537.36 (KHTML, like Gecko) Chrome/32.0.1700.107 Safari/537.36"
178.32.51.157 - - [18/May/2015:05:05:32 +0000] "GET /reset.css HTTP/1.1" 200 1015 "http://www.semicomplete.com/projects/xdotool/" "Mozilla/5.0 (Windows NT 6.1; WOW64) AppleWebKit/537.36 (KHTML, like Gecko) Chrome/32.0.1700.107 Safari/537.36"
178.32.51.157 - - [18/May/2015:05:05:56 +0000] "GET /style2.css HTTP/1.1" 200 4877 "http://www.semicomplete.com/projects/xdotool/" "Mozilla/5.0 (Windows NT 6.1; WOW64) AppleWebKit/537.36 (KHTML, like Gecko) Chrome/32.0.1700.107 Safari/537.36"
178.32.51.157 - - [18/May/2015:05:05:21 +0000] "GET /images/jordan-80.png HTTP/1.1" 200 6146 "http://www.semicomplete.com/projects/xdotool/" "Mozilla/5.0 (Windows NT 6.1; WOW64) AppleWebKit/537.36 (KHTML, like Gecko) Chrome/32.0.1700.107 Safari/537.36"
178.32.51.157 - - [18/May/2015:05:05:38 +0000] "GET /images/web/2009/banner.png HTTP/1.1" 200 52315 "http://www.semicomplete.com/projects/xdotool/" "Mozilla/5.0 (Windows NT 6.1; WOW64) AppleWebKit/537.36 (KHTML, like Gecko) Chrome/32.0.1700.107 Safari/537.36"
178.32.51.157 - - [18/May/2015:05:05:36 +0000] "GET /favicon.ico HTTP/1.1" 200 3638 "-" "Mozilla/5.0 (Windows NT 6.1; WOW64) AppleWebKit/537.36 (KHTML, like Gecko) Chrome/32.0.1700.107 Safari/537.36"
50.16.19.13 - - [18/May/2015:05:05:50 +0000] "GET /blog/tags/puppet?flav=rss20 HTTP/1.1" 200 14872 "http://www.semicomplete.com/blog/tags/puppet?flav=rss20" "Tiny Tiny RSS/1.11 (http://tt-rss.org/)"
199.30.20.161 - - [18/May/2015:05:05:18 +0000] "GET /robots.txt HTTP/1.1" 200 - "-" "msnbot-media/1.1 (+http://search.msn.com/msnbot.htm)"
199.30.20.161 - - [18/May/2015:05:05:31 +0000] "GET /blog/geekery/bypassing-captive-portals.html HTTP/1.1" 200 10613 "-" "msnbot-media/1.1 (+http://search.msn.com/msnbot.htm)"
93.104.161.108 - - [18/May/2015:05:05:11 +0000] "GET /articles/dynamic-dns-with-dhcp/ HTTP/1.1" 200 18848 "http://r.duckduckgo.com/l/?kh=-1&uddg=http%3A%2F%2Fwww.semicomplete.com%2Farticles%2Fdynamic-dns-with-dhcp%2F" "Mozilla/5.0 (Macintosh; Intel Mac OS X 10.9; rv:27.0) Gecko/20100101 Firefox/27.0"
93.104.161.108 - - [18/May/2015:05:05:44 +0000] "GET /reset.css HTTP/1.1" 200 1015 "http://www.semicomplete.com/articles/dynamic-dns-with-dhcp/" "Mozilla/5.0 (Macintosh; Intel Mac OS X 10.9; rv:27.0) Gecko/20100101 Firefox/27.0"
93.104.161.108 - - [18/May/2015:05:05:45 +0000] "GET /style2.css HTTP/1.1" 200 4877 "http://www.semicomplete.com/articles/dynamic-dns-with-dhcp/" "Mozilla/5.0 (Macintosh; Intel Mac OS X 10.9; rv:27.0) Gecko/20100101 Firefox/27.0"
93.104.161.108 - - [18/May/2015:05:05:56 +0000] "GET /favicon.ico HTTP/1.1" 200 3638 "-" "Mozilla/5.0 (Macintosh; Intel Mac OS X 10.9; rv:27.0) Gecko/20100101 Firefox/27.0"
93.104.161.108 - - [18/May/2015:05:05:03 +0000] "GET /images/jordan-80.png HTTP/1.1" 200 6146 "http://www.semicomplete.com/articles/dynamic-dns-with-dhcp/" "Mozilla/5.0 (Macintosh; Intel Mac OS X 10.9; rv:27.0) Gecko/20100101 Firefox/27.0"
93.104.161.108 - - [18/May/2015:05:05:49 +0000] "GET /images/web/2009/banner.png HTTP/1.1" 200 52315 "http://www.semicomplete.com/style2.css" "Mozilla/5.0 (Macintosh; Intel Mac OS X 10.9; rv:27.0) Gecko/20100101 Firefox/27.0"
178.255.215.83 - - [18/May/2015:05:05:04 +0000] "GET /blog/tags/unix?page=1 HTTP/1.1" 200 23664 "-" "Mozilla/5.0 (compatible; Exabot/3.0 (BiggerBetter); +http://www.exabot.com/go/robot)"
178.255.215.83 - - [18/May/2015:05:05:03 +0000] "GET /blog/geekery/unix-seminar.html HTTP/1.1" 200 8782 "-" "Mozilla/5.0 (compatible; Exabot/3.0 (BiggerBetter); +http://www.exabot.com/go/robot)"
178.255.215.83 - - [18/May/2015:05:05:30 +0000] "GET /blog/tags/ldap HTTP/1.1" 200 17499 "-" "Mozilla/5.0 (compatible; Exabot/3.0 (BiggerBetter); +http://www.exabot.com/go/robot)"
178.255.215.83 - - [18/May/2015:05:05:53 +0000] "GET /blog/tags/shebang HTTP/1.1" 200 9438 "-" "Mozilla/5.0 (compatible; Exabot/3.0 (BiggerBetter); +http://www.exabot.com/go/robot)"
178.255.215.83 - - [18/May/2015:05:05:12 +0000] "GET /blog/geekery/zsh-disable-cd-username.html HTTP/1.1" 200 9183 "-" "Mozilla/5.0 (compatible; Exabot/3.0 (BiggerBetter); +http://www.exabot.com/go/robot)"
66.249.73.135 - - [18/May/2015:05:05:47 +0000] "GET /files/xdotool/docs/html/structxdo__search.html HTTP/1.1" 304 - "-" "Mozilla/5.0 (iPhone; CPU iPhone OS 6_0 like Mac OS X) AppleWebKit/536.26 (KHTML, like Gecko) Version/6.0 Mobile/10A5376e Safari/8536.25 (compatible; Googlebot/2.1; +http://www.google.com/bot.html)"
46.105.14.53 - - [18/May/2015:05:05:29 +0000] "GET /blog/tags/puppet?flav=rss20 HTTP/1.1" 200 14872 "-" "UniversalFeedParser/4.2-pre-314-svn +http://feedparser.org/"
66.249.73.185 - - [18/May/2015:05:05:10 +0000] "GET /files/pp/ HTTP/1.1" 200 1139 "-" "Mozilla/5.0 (compatible; Googlebot/2.1; +http://www.google.com/bot.html)"
153.174.34.38 - - [18/May/2015:05:05:17 +0000] "GET / HTTP/1.1" 200 37932 "-" "Mozilla/4.0 (compatible; MSIE 6.0; Windows NT 5.1; SV1; .NET CLR 1.1.4322)"
193.61.104.6 - - [18/May/2015:05:05:53 +0000] "GET /projects/xdotool/xdotool.xhtml HTTP/1.1" 200 50112 "https://www.google.co.uk/" "Mozilla/5.0 (X11; Linux x86_64) AppleWebKit/537.36 (KHTML, like Gecko) Chrome/32.0.1700.107 Safari/537.36"
193.61.104.6 - - [18/May/2015:06:05:22 +0000] "GET /favicon.ico HTTP/1.1" 200 3638 "-" "Mozilla/5.0 (X11; Linux x86_64) AppleWebKit/537.36 (KHTML, like Gecko) Chrome/32.0.1700.107 Safari/537.36"
180.76.5.190 - - [18/May/2015:06:05:34 +0000] "GET /files/urledit/?C=N;O=D HTTP/1.1" 200 941 "-" "Mozilla/5.0 (compatible; Baiduspider/2.0; +http://www.baidu.com/search/spider.html)"
101.226.168.196 - - [18/May/2015:06:05:35 +0000] "GET /blog/projects/xdotool/ HTTP/1.1" 200 12292 "http://www.semicomplete.com/blog/projects/xdotool/" "Mozilla/4.0 (compatible; MSIE 8.0; Windows NT 6.1; Trident/4.0; SLCC2; .NET CLR 2.0.50727; .NET CLR 3.5.30729; .NET CLR 3.0.30729; Media Center PC 6.0; MDDR; .NET4.0C; .NET4.0E; .NET CLR 1.1.4322; Tablet PC 2.0); 360Spider"
101.226.168.198 - - [18/May/2015:06:05:26 +0000] "GET /blog/geekery/jquery-interface-/p%20ppuffer.html HTTP/1.1" 404 7861 "http://www.semicomplete.com/blog/geekery/jquery-interface-/p%20ppuffer.html" "Mozilla/4.0 (compatible; MSIE 8.0; Windows NT 6.1; Trident/4.0; SLCC2; .NET CLR 2.0.50727; .NET CLR 3.5.30729; .NET CLR 3.0.30729; Media Center PC 6.0; MDDR; .NET4.0C; .NET4.0E; .NET CLR 1.1.4322; Tablet PC 2.0); 360Spider"
74.207.228.17 - - [18/May/2015:06:05:51 +0000] "GET /favicon.ico HTTP/1.1" 200 3638 "-" "Mozilla/5.0 (Windows NT 6.1; WOW64; rv:27.0) Gecko/20100101 Firefox/27.0"
76.14.236.249 - - [18/May/2015:06:05:41 +0000] "GET /blog/geekery/xvfb-firefox.html HTTP/1.1" 200 10975 "http://stackoverflow.com/questions/7023942/running-chrome-webdriver-on-a-linux-server-with-no-display" "Mozilla/5.0 (Macintosh; Intel Mac OS X 10_9_1) AppleWebKit/537.36 (KHTML, like Gecko) Chrome/32.0.1700.107 Safari/537.36"
76.14.236.249 - - [18/May/2015:06:05:37 +0000] "GET /style2.css HTTP/1.1" 200 4877 "http://www.semicomplete.com/blog/geekery/xvfb-firefox.html" "Mozilla/5.0 (Macintosh; Intel Mac OS X 10_9_1) AppleWebKit/537.36 (KHTML, like Gecko) Chrome/32.0.1700.107 Safari/537.36"
76.14.236.249 - - [18/May/2015:06:05:20 +0000] "GET /images/jordan-80.png HTTP/1.1" 200 6146 "http://www.semicomplete.com/blog/geekery/xvfb-firefox.html" "Mozilla/5.0 (Macintosh; Intel Mac OS X 10_9_1) AppleWebKit/537.36 (KHTML, like Gecko) Chrome/32.0.1700.107 Safari/537.36"
76.14.236.249 - - [18/May/2015:06:05:14 +0000] "GET /reset.css HTTP/1.1" 200 1015 "http://www.semicomplete.com/blog/geekery/xvfb-firefox.html" "Mozilla/5.0 (Macintosh; Intel Mac OS X 10_9_1) AppleWebKit/537.36 (KHTML, like Gecko) Chrome/32.0.1700.107 Safari/537.36"
76.14.236.249 - - [18/May/2015:06:05:31 +0000] "GET /images/web/2009/banner.png HTTP/1.1" 200 52315 "http://www.semicomplete.com/blog/geekery/xvfb-firefox.html" "Mozilla/5.0 (Macintosh; Intel Mac OS X 10_9_1) AppleWebKit/537.36 (KHTML, like Gecko) Chrome/32.0.1700.107 Safari/537.36"
76.14.236.249 - - [18/May/2015:06:05:32 +0000] "GET /favicon.ico HTTP/1.1" 200 3638 "-" "Mozilla/5.0 (Macintosh; Intel Mac OS X 10_9_1) AppleWebKit/537.36 (KHTML, like Gecko) Chrome/32.0.1700.107 Safari/537.36"
66.249.73.135 - - [18/May/2015:06:05:40 +0000] "GET /files/blogposts/20080611/pcapinject.c HTTP/1.1" 304 - "-" "Mozilla/5.0 (iPhone; CPU iPhone OS 6_0 like Mac OS X) AppleWebKit/536.26 (KHTML, like Gecko) Version/6.0 Mobile/10A5376e Safari/8536.25 (compatible; Googlebot/2.1; +http://www.google.com/bot.html)"
46.105.14.53 - - [18/May/2015:06:05:28 +0000] "GET /blog/tags/puppet?flav=rss20 HTTP/1.1" 200 14872 "-" "UniversalFeedParser/4.2-pre-314-svn +http://feedparser.org/"
178.19.99.105 - - [18/May/2015:06:05:41 +0000] "GET / HTTP/1.1" 200 37932 "http://www.semicomplete.com/" "Mozilla/5.0 (Macintosh; Intel Mac OS X 10.7; rv:21.0) Gecko/20100101 Firefox/21.0"
178.19.99.105 - - [18/May/2015:06:05:04 +0000] "GET /blog/geekery/installing-windows-8-consumer-preview.html HTTP/1.1" 200 8948 "http://www.semicomplete.com/" "Mozilla/5.0 (Macintosh; Intel Mac OS X 10.7; rv:21.0) Gecko/20100101 Firefox/21.0"
198.46.149.143 - - [18/May/2015:06:05:01 +0000] "GET /blog/geekery/disabling-battery-in-ubuntu-vms.html?utm_source=feedburner&utm_medium=feed&utm_campaign=Feed%3A+semicomplete%2Fmain+%28semicomplete.com+-+Jordan+Sissel%29 HTTP/1.1" 200 9316 "-" "Tiny Tiny RSS/1.11 (http://tt-rss.org/)"
198.46.149.143 - - [18/May/2015:06:05:51 +0000] "GET /blog/geekery/solving-good-or-bad-problems.html?utm_source=feedburner&utm_medium=feed&utm_campaign=Feed%3A+semicomplete%2Fmain+%28semicomplete.com+-+Jordan+Sissel%29 HTTP/1.1" 200 10756 "-" "Tiny Tiny RSS/1.11 (http://tt-rss.org/)"
69.143.198.134 - - [18/May/2015:06:05:27 +0000] "GET /presentations/logstash-scale11x/images/ahhh___rage_face_by_samusmmx-d5g5zap.png HTTP/1.1" 200 175208 "https://www.google.com/" "Mozilla/5.0 (iPhone; CPU iPhone OS 6_1_3 like Mac OS X) AppleWebKit/536.26 (KHTML, like Gecko) Version/6.0 Mobile/10B329 Safari/8536.25"
74.125.176.83 - - [18/May/2015:06:05:34 +0000] "GET /?flav=rss20 HTTP/1.1" 200 29941 "-" "FeedBurner/1.0 (http://www.FeedBurner.com)"
100.43.83.137 - - [18/May/2015:06:05:07 +0000] "GET /robots.txt HTTP/1.1" 200 - "-" "Mozilla/5.0 (compatible; YandexBot/3.0; +http://yandex.com/bots)"
98.252.226.135 - - [18/May/2015:06:05:37 +0000] "GET /articles/dynamic-dns-with-dhcp/ HTTP/1.1" 200 18848 "http://www.google.com/url?sa=t&rct=j&q=&esrc=s&source=web&cd=3&cad=rja&ved=0CDoQFjAC&url=http%3A%2F%2Fwww.semicomplete.com%2Farticles%2Fdynamic-dns-with-dhcp%2F&ei=_TsBU52uHJG8kQeZ7YG4Cg&usg=AFQjCNEF1X4Rs52UYQyLiySTQxa97ozM4g&bvm=bv.61535280,d.eW0" "Mozilla/5.0 (Windows NT 6.1; WOW64; rv:27.0) Gecko/20100101 Firefox/27.0"
98.252.226.135 - - [18/May/2015:06:05:04 +0000] "GET /reset.css HTTP/1.1" 200 1015 "http://www.semicomplete.com/articles/dynamic-dns-with-dhcp/" "Mozilla/5.0 (Windows NT 6.1; WOW64; rv:27.0) Gecko/20100101 Firefox/27.0"
98.252.226.135 - - [18/May/2015:06:05:43 +0000] "GET /favicon.ico HTTP/1.1" 200 3638 "-" "Mozilla/5.0 (Windows NT 6.1; WOW64; rv:27.0) Gecko/20100101 Firefox/27.0"
98.252.226.135 - - [18/May/2015:06:05:05 +0000] "GET /style2.css HTTP/1.1" 200 4877 "http://www.semicomplete.com/articles/dynamic-dns-with-dhcp/" "Mozilla/5.0 (Windows NT 6.1; WOW64; rv:27.0) Gecko/20100101 Firefox/27.0"
98.252.226.135 - - [18/May/2015:06:05:01 +0000] "GET /images/jordan-80.png HTTP/1.1" 200 6146 "http://www.semicomplete.com/articles/dynamic-dns-with-dhcp/" "Mozilla/5.0 (Windows NT 6.1; WOW64; rv:27.0) Gecko/20100101 Firefox/27.0"
98.252.226.135 - - [18/May/2015:06:05:23 +0000] "GET /images/web/2009/banner.png HTTP/1.1" 200 52315 "http://www.semicomplete.com/style2.css" "Mozilla/5.0 (Windows NT 6.1; WOW64; rv:27.0) Gecko/20100101 Firefox/27.0"
46.105.14.53 - - [18/May/2015:06:05:01 +0000] "GET /blog/tags/puppet?flav=rss20 HTTP/1.1" 200 14872 "-" "UniversalFeedParser/4.2-pre-314-svn +http://feedparser.org/"
88.162.202.146 - - [18/May/2015:06:05:02 +0000] "GET /presentations/logstash-scale11x/images/ahhh___rage_face_by_samusmmx-d5g5zap.png HTTP/1.1" 200 175208 "-" "Mozilla/5.0 (Macintosh; Intel Mac OS X 10_9_1) AppleWebKit/537.36 (KHTML, like Gecko) Chrome/32.0.1700.107 Safari/537.36"
178.255.215.83 - - [18/May/2015:06:05:21 +0000] "GET /blog/2007/May/20 HTTP/1.1" 200 8583 "-" "Mozilla/5.0 (compatible; Exabot/3.0 (BiggerBetter); +http://www.exabot.com/go/robot)"
85.168.225.197 - - [18/May/2015:06:05:31 +0000] "GET /projects/keynav/ HTTP/1.1" 200 18985 "-" "Mozilla/5.0 (X11; Linux x86_64) AppleWebKit/537.6+ (KHTML, like Gecko) Chromium/23.0.1271.95 Chrome/23.0.1271.95 Safari/537.6+ dwb/commit 2014-02-16 6ee2b9e"
85.168.225.197 - - [18/May/2015:06:05:35 +0000] "GET /reset.css HTTP/1.1" 200 1015 "http://www.semicomplete.com/projects/keynav/" "Mozilla/5.0 (X11; Linux x86_64) AppleWebKit/537.6+ (KHTML, like Gecko) Chromium/23.0.1271.95 Chrome/23.0.1271.95 Safari/537.6+ dwb/commit 2014-02-16 6ee2b9e"
85.168.225.197 - - [18/May/2015:06:05:45 +0000] "GET /style2.css HTTP/1.1" 200 4877 "http://www.semicomplete.com/projects/keynav/" "Mozilla/5.0 (X11; Linux x86_64) AppleWebKit/537.6+ (KHTML, like Gecko) Chromium/23.0.1271.95 Chrome/23.0.1271.95 Safari/537.6+ dwb/commit 2014-02-16 6ee2b9e"
85.168.225.197 - - [18/May/2015:06:05:19 +0000] "GET /images/jordan-80.png HTTP/1.1" 200 6146 "http://www.semicomplete.com/projects/keynav/" "Mozilla/5.0 (X11; Linux x86_64) AppleWebKit/537.6+ (KHTML, like Gecko) Chromium/23.0.1271.95 Chrome/23.0.1271.95 Safari/537.6+ dwb/commit 2014-02-16 6ee2b9e"
85.168.225.197 - - [18/May/2015:06:05:47 +0000] "GET /projects/keynav/demo-thumb.png HTTP/1.1" 200 15141 "http://www.semicomplete.com/projects/keynav/" "Mozilla/5.0 (X11; Linux x86_64) AppleWebKit/537.6+ (KHTML, like Gecko) Chromium/23.0.1271.95 Chrome/23.0.1271.95 Safari/537.6+ dwb/commit 2014-02-16 6ee2b9e"
85.168.225.197 - - [18/May/2015:06:05:17 +0000] "GET /images/web/2009/banner.png HTTP/1.1" 200 52315 "http://www.semicomplete.com/projects/keynav/" "Mozilla/5.0 (X11; Linux x86_64) AppleWebKit/537.6+ (KHTML, like Gecko) Chromium/23.0.1271.95 Chrome/23.0.1271.95 Safari/537.6+ dwb/commit 2014-02-16 6ee2b9e"
85.168.225.197 - - [18/May/2015:06:05:27 +0000] "GET /favicon.ico HTTP/1.1" 200 3638 "http://www.semicomplete.com/projects/keynav/" "Mozilla/5.0 (X11; Linux x86_64) AppleWebKit/537.6+ (KHTML, like Gecko) Chromium/23.0.1271.95 Chrome/23.0.1271.95 Safari/537.6+ dwb/commit 2014-02-16 6ee2b9e"
62.108.180.233 - - [18/May/2015:06:05:40 +0000] "HEAD /projects/xdotool/ HTTP/1.1" 200 - "http://dracorp.one.pl" "Mozilla/5.0 (compatible; MSIE 9.0; Windows NT 6.1; WOW64; Trident/5.0)"
50.16.19.13 - - [18/May/2015:06:05:48 +0000] "GET /blog/tags/puppet?flav=rss20 HTTP/1.1" 200 14872 "http://www.semicomplete.com/blog/tags/puppet?flav=rss20" "Tiny Tiny RSS/1.11 (http://tt-rss.org/)"
93.139.195.61 - - [18/May/2015:06:05:47 +0000] "GET /projects/xdotool/ HTTP/1.1" 200 12292 "https://www.google.hr/" "Mozilla/5.0 (X11; Linux x86_64) AppleWebKit/537.36 (KHTML, like Gecko) Chrome/32.0.1700.107 Safari/537.36"
93.139.195.61 - - [18/May/2015:06:05:10 +0000] "GET /reset.css HTTP/1.1" 200 1015 "http://www.semicomplete.com/projects/xdotool/" "Mozilla/5.0 (X11; Linux x86_64) AppleWebKit/537.36 (KHTML, like Gecko) Chrome/32.0.1700.107 Safari/537.36"
93.139.195.61 - - [18/May/2015:06:05:09 +0000] "GET /style2.css HTTP/1.1" 200 4877 "http://www.semicomplete.com/projects/xdotool/" "Mozilla/5.0 (X11; Linux x86_64) AppleWebKit/537.36 (KHTML, like Gecko) Chrome/32.0.1700.107 Safari/537.36"
93.139.195.61 - - [18/May/2015:06:05:37 +0000] "GET /images/jordan-80.png HTTP/1.1" 200 6146 "http://www.semicomplete.com/projects/xdotool/" "Mozilla/5.0 (X11; Linux x86_64) AppleWebKit/537.36 (KHTML, like Gecko) Chrome/32.0.1700.107 Safari/537.36"
93.139.195.61 - - [18/May/2015:06:05:56 +0000] "GET /images/web/2009/banner.png HTTP/1.1" 200 52315 "http://www.semicomplete.com/projects/xdotool/" "Mozilla/5.0 (X11; Linux x86_64) AppleWebKit/537.36 (KHTML, like Gecko) Chrome/32.0.1700.107 Safari/537.36"
93.139.195.61 - - [18/May/2015:06:05:45 +0000] "GET /favicon.ico HTTP/1.1" 200 3638 "-" "Mozilla/5.0 (X11; Linux x86_64) AppleWebKit/537.36 (KHTML, like Gecko) Chrome/32.0.1700.107 Safari/537.36"
166.137.8.20 - - [18/May/2015:06:05:35 +0000] "GET /presentations/logstash-blah/images/office-space-printer-beat-down-gif.gif HTTP/1.1" 200 6443283 "http://pandce.proboards.com/thread/241827/having-office-space-moment" "Mozilla/5.0 (iPhone; CPU iPhone OS 6_0 like Mac OS X) AppleWebKit/536.26 (KHTML, like Gecko) Version/6.0 Mobile/10A405 Safari/8536.25"
209.85.238.199 - - [18/May/2015:06:05:47 +0000] "GET /?flav=atom HTTP/1.1" 200 32352 "-" "Feedfetcher-Google; (+http://www.google.com/feedfetcher.html; 16 subscribers; feed-id=3389821348893992437)"
66.249.73.135 - - [18/May/2015:06:05:04 +0000] "GET /blog/tags/scapy HTTP/1.1" 200 8694 "-" "Mozilla/5.0 (iPhone; CPU iPhone OS 6_0 like Mac OS X) AppleWebKit/536.26 (KHTML, like Gecko) Version/6.0 Mobile/10A5376e Safari/8536.25 (compatible; Googlebot/2.1; +http://www.google.com/bot.html)"
184.154.88.108 - - [18/May/2015:06:05:38 +0000] "GET / HTTP/1.0" 200 37932 "http://semicomplete.com/" "Mozilla/5.0 (Macintosh; Intel Mac OS X 10.7; rv:21.0) Gecko/20100101 Firefox/21.0"
184.154.88.108 - - [18/May/2015:06:05:23 +0000] "GET /articles/ssh-security/ HTTP/1.0" 200 16543 "http://semicomplete.com/" "Mozilla/5.0 (Macintosh; Intel Mac OS X 10.7; rv:21.0) Gecko/20100101 Firefox/21.0"
120.202.255.147 - - [18/May/2015:06:05:33 +0000] "GET /files/logstash/logstash-1.1.0-monolithic.jar HTTP/1.1" 304 - "-" "Mozilla/5.0 Gecko/20100115 Firefox/3.6"
209.85.238.199 - - [18/May/2015:06:05:48 +0000] "GET /?flav=rss20 HTTP/1.1" 200 29941 "-" "Feedfetcher-Google; (+http://www.google.com/feedfetcher.html; 22 subscribers; feed-id=8321906634162087507)"
212.84.56.58 - - [18/May/2015:06:05:16 +0000] "GET /projects/xdotool/ HTTP/1.1" 200 12292 "http://www.google.it/url?sa=t&rct=j&q=&esrc=s&source=web&cd=1&ved=0CDYQFjAA&url=http%3A%2F%2Fwww.semicomplete.com%2Fprojects%2Fxdotool%2F&ei=7j0BU-3qL4nB0gWP2YHQDg&usg=AFQjCNE3V_aCf3-gfNcbS924S6jZ6FqffA&bvm=bv.61535280,d.d2k&cad=rja" "Mozilla/5.0 (X11; Ubuntu; Linux i686; rv:24.0) Gecko/20100101 Firefox/24.0"
212.84.56.58 - - [18/May/2015:06:05:55 +0000] "GET /reset.css HTTP/1.1" 200 1015 "http://www.semicomplete.com/projects/xdotool/" "Mozilla/5.0 (X11; Ubuntu; Linux i686; rv:24.0) Gecko/20100101 Firefox/24.0"
212.84.56.58 - - [18/May/2015:06:05:15 +0000] "GET /style2.css HTTP/1.1" 200 4877 "http://www.semicomplete.com/projects/xdotool/" "Mozilla/5.0 (X11; Ubuntu; Linux i686; rv:24.0) Gecko/20100101 Firefox/24.0"
212.84.56.58 - - [18/May/2015:06:05:00 +0000] "GET /favicon.ico HTTP/1.1" 200 3638 "-" "Mozilla/5.0 (X11; Ubuntu; Linux i686; rv:24.0) Gecko/20100101 Firefox/24.0"
212.84.56.58 - - [18/May/2015:06:05:11 +0000] "GET /images/jordan-80.png HTTP/1.1" 200 6146 "http://www.semicomplete.com/projects/xdotool/" "Mozilla/5.0 (X11; Ubuntu; Linux i686; rv:24.0) Gecko/20100101 Firefox/24.0"
212.84.56.58 - - [18/May/2015:06:05:04 +0000] "GET /images/web/2009/banner.png HTTP/1.1" 200 52315 "http://www.semicomplete.com/style2.css" "Mozilla/5.0 (X11; Ubuntu; Linux i686; rv:24.0) Gecko/20100101 Firefox/24.0"
212.84.56.58 - - [18/May/2015:06:05:18 +0000] "GET /projects/xdotool/xdotool.xhtml HTTP/1.1" 200 50112 "http://www.google.it/url?sa=t&rct=j&q=&esrc=s&source=web&cd=2&ved=0CEQQFjAB&url=http%3A%2F%2Fwww.semicomplete.com%2Fprojects%2Fxdotool%2Fxdotool.xhtml&ei=7j0BU-3qL4nB0gWP2YHQDg&usg=AFQjCNFwZFAI0RQdN_N0kFH-oj8cLsJRNQ&bvm=bv.61535280,d.d2k&cad=rja" "Mozilla/5.0 (X11; Ubuntu; Linux i686; rv:24.0) Gecko/20100101 Firefox/24.0"
46.105.14.53 - - [18/May/2015:06:05:13 +0000] "GET /blog/tags/puppet?flav=rss20 HTTP/1.1" 200 14872 "-" "UniversalFeedParser/4.2-pre-314-svn +http://feedparser.org/"
66.249.73.135 - - [18/May/2015:06:05:22 +0000] "GET /blog/tags/speed HTTP/1.1" 200 10903 "-" "Mozilla/5.0 (compatible; Googlebot/2.1; +http://www.google.com/bot.html)"
199.30.20.65 - - [18/May/2015:06:05:54 +0000] "GET /robots.txt HTTP/1.1" 200 - "-" "msnbot-media/1.1 (+http://search.msn.com/msnbot.htm)"
46.105.14.53 - - [20/May/2015:21:05:15 +0000] "GET /blog/tags/puppet?flav=rss20 HTTP/1.1" 200 14872 "-" "UniversalFeedParser/4.2-pre-314-svn +http://feedparser.org/"