2.137.32.153 - - [17/May/2015:23:05:01 +0000] "GET /blog/geekery/disabling-battery-in-ubuntu-vms.html HTTP/1.1" 200 9316 "http://www.google.es/url?sa=t&rct=j&q=&esrc=s&source=web&cd=2&cad=rja&ved=0CC8QFjAB&url=http%3A%2F%2Fwww.semicomplete.com%2Fblog%2Fgeekery%2Fdisabling-battery-in-ubuntu-vms.html&ei=0REBU73sEeLF0QW9m4GgBw&usg=AFQjCNGCtI7nRwy4M6vo_Nl_oqhG1IsXZg&sig2=ZBSTZkjn-7c6xs00u6dyow&bvm=bv.61535280,d.bGE" "Mozilla/5.0 (X11; Ubuntu; Linux x86_64; rv:27.0) Gecko/20100101 Firefox/27.0"
2.137.32.153 - - [17/May/2015:23:05:19 +0000] "GET /reset.css HTTP/1.1" 200 1015 "http://www.semicomplete.com/blog/geekery/disabling-battery-in-ubuntu-vms.html" "Mozilla/5.0 (X11; Ubuntu; Linux x86_64; rv:27.0) Gecko/20100101 Firefox/27.0"
2.137.32.153 - - [17/May/2015:23:05:28 +0000] "GET /style2.css HTTP/1.1" 200 4877 "http://www.semicomplete.com/blog/geekery/disabling-battery-in-ubuntu-vms.html" "Mozilla/5.0 (X11; Ubuntu; Linux x86_64; rv:27.0) Gecko/20100101 Firefox/27.0"
2.137.32.153 - - [17/May/2015:23:05:09 +0000] "GET /favicon.ico HTTP/1.1" 200 3638 "-" "Mozilla/5.0 (X11; Ubuntu; Linux x86_64; rv:27.0) Gecko/20100101 Firefox/27.0"
2.137.32.153 - - [17/May/2015:23:05:24 +0000] "GET /images/jordan-80.png HTTP/1.1" 200 6146 "http://www.semicomplete.com/blog/geekery/disabling-battery-in-ubuntu-vms.html" "Mozilla/5.0 (X11; Ubuntu; Linux x86_64; rv:27.0) Gecko/20100101 Firefox/27.0"
2.137.32.153 - - [17/May/2015:23:05:38 +0000] "GET /images/web/2009/banner.png HTTP/1.1" 200 52315 "http://www.semicomplete.com/style2.css" "Mozilla/5.0 (X11; Ubuntu; Linux x86_64; rv:27.0) Gecko/20100101 Firefox/27.0"
207.241.237.102 - - [17/May/2015:23:05:35 +0000] "GET /blog/tags/firewall HTTP/1.0" 200 13233 "http://www.semicomplete.com/blog/tags/linux" "Mozilla/5.0 (compatible; archive.org_bot +http://www.archive.org/details/archive.org_bot)"
207.241.237.221 - - [17/May/2015:23:05:19 +0000] "GET /blog/geekery/vmware-server-2.0-beta-1.html HTTP/1.0" 200 10732 "http://www.semicomplete.com/blog/tags/linux" "Mozilla/5.0 (compatible; archive.org_bot +http://www.archive.org/details/archive.org_bot)"
207.241.237.103 - - [17/May/2015:23:05:30 +0000] "GET /blog/tags/subversion HTTP/1.0" 200 12557 "http://www.semicomplete.com/blog/tags/linux" "Mozilla/5.0 (compatible; archive.org_bot +http://www.archive.org/details/archive.org_bot)"
198.46.149.143 - - [17/May/2015:23:05:49 +0000] "GET /blog/geekery/disabling-battery-in-ubuntu-vms.html?utm_source=feedburner&utm_medium=feed&utm_campaign=Feed%3A+semicomplete%2Fmain+%28semicomplete.com+-+Jordan+Sissel%29 HTTP/1.1" 200 9316 "-" "Tiny Tiny RSS/1.11 (http://tt-rss.org/)"
198.46.149.143 - - [17/May/2015:23:05:33 +0000] "GET /blog/geekery/solving-good-or-bad-problems.html?utm_source=feedburner&utm_medium=feed&utm_campaign=Feed%3A+semicomplete%2Fmain+%28semicomplete.com+-+Jordan+Sissel%29 HTTP/1.1" 200 10756 "-" "Tiny Tiny RSS/1.11 (http://tt-rss.org/)"
78.128.48.215 - - [17/May/2015:23:05:30 +0000] "GET /presentations/logstash-puppetconf-2012/ HTTP/1.1" 200 37269 "http://semicomplete.com/" "Mozilla/5.0 (Macintosh; Intel Mac OS X 10.7; rv:21.0) Gecko/20100101 Firefox/21.0"
78.128.48.215 - - [17/May/2015:23:05:11 +0000] "GET /presentations/puppet-at-loggly/puppet-at-loggly.pdf.html HTTP/1.1" 200 24747 "http://semicomplete.com/" "Mozilla/5.0 (Macintosh; Intel Mac OS X 10.7; rv:21.0) Gecko/20100101 Firefox/21.0"
66.249.73.135 - - [17/May/2015:23:05:49 +0000] "GET /blog/tags/xdo HTTP/1.1" 200 17500 "-" "Mozilla/5.0 (iPhone; CPU iPhone OS 6_0 like Mac OS X) AppleWebKit/536.26 (KHTML, like Gecko) Version/6.0 Mobile/10A5376e Safari/8536.25 (compatible; Googlebot/2.1; +http://www.google.com/bot.html)"
207.241.237.223 - - [17/May/2015:23:05:18 +0000] "GET /blog/tags/why%20did%20this%20take%20all%20night HTTP/1.0" 200 9368 "http://www.semicomplete.com/blog/tags/linux" "Mozilla/5.0 (compatible; archive.org_bot +http://www.archive.org/details/archive.org_bot)"
207.241.237.221 - - [17/May/2015:23:05:12 +0000] "GET /blog/tags/losetup HTTP/1.0" 200 9699 "http://www.semicomplete.com/blog/tags/linux" "Mozilla/5.0 (compatible; archive.org_bot +http://www.archive.org/details/archive.org_bot)"
94.79.44.40 - - [17/May/2015:23:05:54 +0000] "GET /blog/tags/xsendevent HTTP/1.1" 200 10049 "-" "Mozilla/5.0 (X11; Linux x86_64) AppleWebKit/537.31 (KHTML, like Gecko) Chrome/26.0.1410.43 Safari/537.31"
94.79.44.40 - - [17/May/2015:23:05:03 +0000] "GET /reset.css HTTP/1.1" 200 1015 "http://www.semicomplete.com/blog/tags/xsendevent" "Mozilla/5.0 (X11; Linux x86_64) AppleWebKit/537.31 (KHTML, like Gecko) Chrome/26.0.1410.43 Safari/537.31"
94.79.44.40 - - [17/May/2015:23:05:34 +0000] "GET /style2.css HTTP/1.1" 200 4877 "http://www.semicomplete.com/blog/tags/xsendevent" "Mozilla/5.0 (X11; Linux x86_64) AppleWebKit/537.31 (KHTML, like Gecko) Chrome/26.0.1410.43 Safari/537.31"
94.79.44.40 - - [17/May/2015:23:05:51 +0000] "GET /images/jordan-80.png HTTP/1.1" 200 6146 "http://www.semicomplete.com/blog/tags/xsendevent" "Mozilla/5.0 (X11; Linux x86_64) AppleWebKit/537.31 (KHTML, like Gecko) Chrome/26.0.1410.43 Safari/537.31"
94.79.44.40 - - [17/May/2015:23:05:18 +0000] "GET /images/web/2009/banner.png HTTP/1.1" 200 52315 "http://www.semicomplete.com/blog/tags/xsendevent" "Mozilla/5.0 (X11; Linux x86_64) AppleWebKit/537.31 (KHTML, like Gecko) Chrome/26.0.1410.43 Safari/537.31"
94.79.44.40 - - [17/May/2015:23:05:45 +0000] "GET /favicon.ico HTTP/1.1" 200 3638 "-" "Mozilla/5.0 (X11; Linux x86_64) AppleWebKit/537.31 (KHTML, like Gecko) Chrome/26.0.1410.43 Safari/537.31"
46.105.14.53 - - [17/May/2015:23:05:11 +0000] "GET /blog/tags/puppet?flav=rss20 HTTP/1.1" 200 14872 "-" "UniversalFeedParser/4.2-pre-314-svn +http://feedparser.org/"
178.84.1.162 - - [17/May/2015:23:05:46 +0000] "GET / HTTP/1.1" 200 37932 "-" "Mozilla/5.0 (Macintosh; Intel Mac OS X 10_9_1) AppleWebKit/537.73.11 (KHTML, like Gecko) Version/7.0.1 Safari/537.73.11"
46.5.254.123 - - [17/May/2015:23:05:35 +0000] "GET /projects/xdotool/xdotool.xhtml HTTP/1.1" 200 50112 "http://www.google.de/url?sa=t&rct=j&q=&esrc=s&source=web&cd=1&sqi=2&ved=0CC8QFjAA&url=http%3A%2F%2Fwww.semicomplete.com%2Fprojects%2Fxdotool%2Fxdotool.xhtml&ei=sBIBU4e6MMKAhAf3woCgAw&usg=AFQjCNFwZFAI0RQdN_N0kFH-oj8cLsJRNQ&bvm=bv.61535280,d.ZG4" "Mozilla/5.0 (X11; Linux x86_64; rv:27.0) Gecko/20100101 Firefox/27.0"
209.17.114.78 - - [17/May/2015:23:05:18 +0000] "GET /presentations/logstash-metrics-sf-2012.10/images/graphite-bieber-gangnam-moving-average.png HTTP/1.1" 200 57048 "-" "Mozilla/4.0 (compatible; MSIE 6.0; Windows NT 5.2; SV1; .NET CLR 2.0.50727; InfoPath.1)"
94.242.255.188 - - [17/May/2015:23:05:04 +0000] "GET /node/add/blog HTTP/1.1" 404 297 "-" "Mozilla/4.0 (compatible; MSIE 6.0; Windows NT 5.1; SV1)"
66.249.73.135 - - [17/May/2015:23:05:17 +0000] "GET /misc/rcfiles/zshrc HTTP/1.1" 304 - "-" "Mozilla/5.0 (iPhone; CPU iPhone OS 6_0 like Mac OS X) AppleWebKit/536.26 (KHTML, like Gecko) Version/6.0 Mobile/10A5376e Safari/8536.25 (compatible; Googlebot/2.1; +http://www.google.com/bot.html)"
94.7.215.43 - - [17/May/2015:23:05:05 +0000] "GET /?flav=atom HTTP/1.1" 200 32352 "-" "Liferea/1.8.3 (Linux; en_GB.UTF-8; http://liferea.sf.net/)"
77.0.42.68 - - [17/May/2015:23:05:33 +0000] "GET /projects/xdotool/ HTTP/1.1" 200 12292 "http://keepass.info/help/v2/setup.html" "Mozilla/5.0 (X11; Ubuntu; Linux x86_64; rv:27.0) Gecko/20100101 Firefox/27.0"
77.0.42.68 - - [17/May/2015:23:05:00 +0000] "GET /reset.css HTTP/1.1" 200 1015 "http://www.semicomplete.com/projects/xdotool/" "Mozilla/5.0 (X11; Ubuntu; Linux x86_64; rv:27.0) Gecko/20100101 Firefox/27.0"
77.0.42.68 - - [17/May/2015:23:05:52 +0000] "GET /style2.css HTTP/1.1" 200 4877 "http://www.semicomplete.com/projects/xdotool/" "Mozilla/5.0 (X11; Ubuntu; Linux x86_64; rv:27.0) Gecko/20100101 Firefox/27.0"
77.0.42.68 - - [17/May/2015:23:05:48 +0000] "GET /favicon.ico HTTP/1.1" 200 3638 "-" "Mozilla/5.0 (X11; Ubuntu; Linux x86_64; rv:27.0) Gecko/20100101 Firefox/27.0"
77.0.42.68 - - [17/May/2015:23:05:32 +0000] "GET /images/jordan-80.png HTTP/1.1" 200 6146 "http://www.semicomplete.com/projects/xdotool/" "Mozilla/5.0 (X11; Ubuntu; Linux x86_64; rv:27.0) Gecko/20100101 Firefox/27.0"
77.0.42.68 - - [18/May/2015:00:05:08 +0000] "GET /images/web/2009/banner.png HTTP/1.1" 200 52315 "http://www.semicomplete.com/style2.css" "Mozilla/5.0 (X11; Ubuntu; Linux x86_64; rv:27.0) Gecko/20100101 Firefox/27.0"
207.241.237.101 - - [18/May/2015:00:05:42 +0000] "GET /blog/geekery/find-that-lost-screen-session.html HTTP/1.0" 200 11214 "http://www.semicomplete.com/blog/tags/tools" "Mozilla/5.0 (compatible; archive.org_bot +http://www.archive.org/details/archive.org_bot)"
120.202.255.147 - - [18/May/2015:00:05:57 +0000] "GET /files/logstash/logstash-1.1.0-monolithic.jar HTTP/1.1" 304 - "-" "Mozilla/5.0 Gecko/20100115 Firefox/3.6"
207.241.237.104 - - [18/May/2015:00:05:43 +0000] "GET /geekery/find-that-lost-screen-session-2.html HTTP/1.0" 404 328 "http://www.semicomplete.com/blog/tags/tools" "Mozilla/5.0 (compatible; archive.org_bot +http://www.archive.org/details/archive.org_bot)"
207.241.237.225 - - [18/May/2015:00:05:14 +0000] "GET /blog/tags/life%20hacks HTTP/1.0" 200 8753 "http://www.semicomplete.com/blog/tags/tools" "Mozilla/5.0 (compatible; archive.org_bot +http://www.archive.org/details/archive.org_bot)"
207.241.237.101 - - [18/May/2015:00:05:20 +0000] "GET /blog/tags/centos HTTP/1.0" 200 14871 "http://www.semicomplete.com/blog/tags/tools" "Mozilla/5.0 (compatible; archive.org_bot +http://www.archive.org/details/archive.org_bot)"
50.16.19.13 - - [18/May/2015:00:05:10 +0000] "GET /blog/tags/puppet?flav=rss20 HTTP/1.1" 200 14872 "http://www.semicomplete.com/blog/tags/puppet?flav=rss20" "Tiny Tiny RSS/1.11 (http://tt-rss.org/)"
100.43.83.137 - - [18/May/2015:00:05:45 +0000] "GET /presentations/logstash-scale11x/images/jordan.jpg HTTP/1.1" 304 - "-" "Mozilla/5.0 (compatible; YandexImages/3.0; +http://yandex.com/bots)"
46.105.14.53 - - [18/May/2015:00:05:14 +0000] "GET /blog/tags/puppet?flav=rss20 HTTP/1.1" 200 14872 "-" "UniversalFeedParser/4.2-pre-314-svn +http://feedparser.org/"
66.249.73.135 - - [18/May/2015:00:05:24 +0000] "GET /blog/tags/nfs HTTP/1.1" 200 10092 "-" "Mozilla/5.0 (compatible; Googlebot/2.1; +http://www.google.com/bot.html)"
207.241.237.227 - - [18/May/2015:00:05:59 +0000] "GET /blog/tags/egg HTTP/1.0" 200 11338 "http://www.semicomplete.com/blog/tags/tools" "Mozilla/5.0 (compatible; archive.org_bot +http://www.archive.org/details/archive.org_bot)"
79.235.40.176 - - [18/May/2015:00:05:46 +0000] "GET /projects/xdotool/xdotool.xhtml HTTP/1.1" 200 50112 "https://www.google.de/" "Mozilla/5.0 (X11; Linux x86_64) AppleWebKit/537.36 (KHTML, like Gecko) Chrome/33.0.1750.91 Safari/537.36"
79.235.40.176 - - [18/May/2015:00:05:26 +0000] "GET /favicon.ico HTTP/1.1" 200 3638 "-" "Mozilla/5.0 (X11; Linux x86_64) AppleWebKit/537.36 (KHTML, like Gecko) Chrome/33.0.1750.91 Safari/537.36"
108.174.55.234 - - [18/May/2015:00:05:57 +0000] "GET /?flav=rss20 HTTP/1.1" 200 29941 "-" "-"
70.193.72.87 - - [18/May/2015:00:05:31 +0000] "GET /presentations/logstash-blah/images/office-space-printer-beat-down-gif.gif HTTP/1.1" 200 6443283 "https://www.google.com/" "Mozilla/5.0 (iPhone; CPU iPhone OS 6_1_4 like Mac OS X) AppleWebKit/536.26 (KHTML, like Gecko) Version/6.0 Mobile/10B350 Safari/8536.25"
91.68.55.56 - - [18/May/2015:00:05:50 +0000] "GET /projects/liboverride/ HTTP/1.1" 200 12909 "http://www.noah.org/wiki/LD_PRELOAD_notes" "Mozilla/5.0 (X11; Ubuntu; Linux x86_64; rv:26.0) Gecko/20100101 Firefox/26.0"
91.68.55.56 - - [18/May/2015:00:05:51 +0000] "GET /reset.css HTTP/1.1" 200 1015 "http://www.semicomplete.com/projects/liboverride/" "Mozilla/5.0 (X11; Ubuntu; Linux x86_64; rv:26.0) Gecko/20100101 Firefox/26.0"
91.68.55.56 - - [18/May/2015:00:05:57 +0000] "GET /style2.css HTTP/1.1" 200 4877 "http://www.semicomplete.com/projects/liboverride/" "Mozilla/5.0 (X11; Ubuntu; Linux x86_64; rv:26.0) Gecko/20100101 Firefox/26.0"
91.68.55.56 - - [18/May/2015:00:05:58 +0000] "GET /favicon.ico HTTP/1.1" 200 3638 "-" "Mozilla/5.0 (X11; Ubuntu; Linux x86_64; rv:26.0) Gecko/20100101 Firefox/26.0"
91.68.55.56 - - [18/May/2015:00:05:10 +0000] "GET /images/jordan-80.png HTTP/1.1" 200 6146 "http://www.semicomplete.com/projects/liboverride/" "Mozilla/5.0 (X11; Ubuntu; Linux x86_64; rv:26.0) Gecko/20100101 Firefox/26.0"
91.68.55.56 - - [18/May/2015:00:05:47 +0000] "GET /images/web/2009/banner.png HTTP/1.1" 200 52315 "http://www.semicomplete.com/style2.css" "Mozilla/5.0 (X11; Ubuntu; Linux x86_64; rv:26.0) Gecko/20100101 Firefox/26.0"
107.170.40.197 - - [18/May/2015:00:05:07 +0000] "GET /?flav=atom HTTP/1.1" 200 32352 "-" "Feedbin - 1 subscribers"
99.33.244.41 - - [18/May/2015:00:05:36 +0000] "GET /blog/tags/jquery%20mobile HTTP/1.1" 200 9571 "https://www.google.com/" "Mozilla/5.0 (Windows NT 5.1) AppleWebKit/537.36 (KHTML, like Gecko) Chrome/32.0.1700.107 Safari/537.36"
66.249.73.135 - - [18/May/2015:00:05:56 +0000] "GET /scripts/python/wrap/happyfoo.py HTTP/1.1" 200 557 "-" "Mozilla/5.0 (iPhone; CPU iPhone OS 6_0 like Mac OS X) AppleWebKit/536.26 (KHTML, like Gecko) Version/6.0 Mobile/10A5376e Safari/8536.25 (compatible; Googlebot/2.1; +http://www.google.com/bot.html)"
31.45.226.43 - - [18/May/2015:00:05:48 +0000] "GET /presentations/logstash-scale11x/images/ahhh___rage_face_by_samusmmx-d5g5zap.png HTTP/1.1" 200 175208 "-" "Mozilla/5.0 (Windows NT 6.1; WOW64; rv:27.0) Gecko/20100101 Firefox/27.0"
207.241.237.103 - - [18/May/2015:00:05:31 +0000] "GET /blog/geekery/find-taht-lost-screen-session-3.html HTTP/1.0" 200 11118 "http://www.semicomplete.com/blog/tags/tools" "Mozilla/5.0 (compatible; archive.org_bot +http://www.archive.org/details/archive.org_bot)"
46.105.14.53 - - [18/May/2015:00:05:29 +0000] "GET /blog/tags/puppet?flav=rss20 HTTP/1.1" 200 14872 "-" "UniversalFeedParser/4.2-pre-314-svn +http://feedparser.org/"
66.249.73.135 - - [18/May/2015:00:05:27 +0000] "GET / HTTP/1.1" 200 37932 "-" "Mozilla/5.0 (compatible; Googlebot/2.1; +http://www.google.com/bot.html)"
85.224.97.187 - - [18/May/2015:00:05:53 +0000] "GET /articles/dynamic-dns-with-dhcp/ HTTP/1.1" 200 18848 "https://www.google.se/" "Mozilla/5.0 (Windows NT 6.1; WOW64) AppleWebKit/537.36 (KHTML, like Gecko) Chrome/32.0.1700.107 Safari/537.36"
66.249.73.135 - - [18/May/2015:00:05:37 +0000] "GET /scripts/python/ HTTP/1.1" 200 1137 "-" "DoCoMo/2.0 N905i(c100;TB;W24H16) (compatible; Googlebot-Mobile/2.1; +http://www.google.com/bot.html)"
180.76.5.172 - - [18/May/2015:00:05:21 +0000] "GET /blog/geekery/honeypot-auditing.html?commentlimit=0 HTTP/1.1" 200 9734 "-" "Mozilla/5.0 (compatible; Baiduspider/2.0; +http://www.baidu.com/search/spider.html)"
74.125.176.151 - - [18/May/2015:00:05:26 +0000] "GET /?flav=rss20 HTTP/1.1" 200 29941 "-" "FeedBurner/1.0 (http://www.FeedBurner.com)"
207.241.237.224 - - [18/May/2015:00:05:57 +0000] "GET /icons/unknown.gif HTTP/1.0" 200 245 "http://www.semicomplete.com/scripts/" "Mozilla/5.0 (compatible; special_archiver/3.1.1 +http://www.archive.org/details/archive.org_bot)"
66.249.73.135 - - [18/May/2015:00:05:19 +0000] "GET /scripts/python/wrap/main.py HTTP/1.1" 200 185 "-" "Mozilla/5.0 (iPhone; CPU iPhone OS 6_0 like Mac OS X) AppleWebKit/536.26 (KHTML, like Gecko) Version/6.0 Mobile/10A5376e Safari/8536.25 (compatible; Googlebot/2.1; +http://www.google.com/bot.html)"
173.236.32.108 - - [18/May/2015:00:05:13 +0000] "GET /presentations/logstash-metrics-sf-2012.10/ HTTP/1.0" 200 18729 "http://semicomplete.com/" "Mozilla/5.0 (Macintosh; Intel Mac OS X 10.7; rv:21.0) Gecko/20100101 Firefox/21.0"
173.236.32.108 - - [18/May/2015:00:05:08 +0000] "GET /presentations/logstash-metrics-sf-2012.10/ HTTP/1.0" 200 18729 "http://semicomplete.com/" "Mozilla/5.0 (Macintosh; Intel Mac OS X 10.7; rv:21.0) Gecko/20100101 Firefox/21.0"
207.241.237.224 - - [18/May/2015:00:05:03 +0000] "GET /blog/tags/shebang HTTP/1.0" 200 9438 "http://www.semicomplete.com/blog/tags/linux" "Mozilla/5.0 (compatible; archive.org_bot +http://www.archive.org/details/archive.org_bot)"
207.241.237.224 - - [18/May/2015:00:05:52 +0000] "GET /blog/tags/hope%20is%20not%20a%20strategy HTTP/1.0" 200 8877 "http://www.semicomplete.com/blog/tags/linux" "Mozilla/5.0 (compatible; archive.org_bot +http://www.archive.org/details/archive.org_bot)"
207.241.237.224 - - [18/May/2015:00:05:23 +0000] "GET /blog/tags/loop HTTP/1.0" 200 9699 "http://www.semicomplete.com/blog/tags/linux" "Mozilla/5.0 (compatible; archive.org_bot +http://www.archive.org/details/archive.org_bot)"
207.241.237.224 - - [18/May/2015:00:05:35 +0000] "GET /blog/tags/screen%20ninja HTTP/1.0" 200 17995 "http://www.semicomplete.com/blog/tags/tools" "Mozilla/5.0 (compatible; archive.org_bot +http://www.archive.org/details/archive.org_bot)"
66.249.73.135 - - [18/May/2015:00:05:53 +0000] "GET /scripts/python/wrap.backup/ HTTP/1.1" 200 2420 "-" "DoCoMo/2.0 N905i(c100;TB;W24H16) (compatible; Googlebot-Mobile/2.1; +http://www.google.com/bot.html)"
208.91.156.11 - - [18/May/2015:00:05:50 +0000] "GET /files/logstash/logstash-1.3.2-monolithic.jar HTTP/1.1" 404 324 "-" "Chef Client/10.18.2 (ruby-1.9.3-p327; ohai-6.16.0; x86_64-linux; +http://opscode.com)"
94.7.215.43 - - [18/May/2015:00:05:05 +0000] "GET /?flav=atom HTTP/1.1" 200 32352 "-" "Liferea/1.8.3 (Linux; en_GB.UTF-8; http://liferea.sf.net/)"
61.174.9.96 - - [18/May/2015:00:05:32 +0000] "GET /presentations/security/ HTTP/1.0" 200 38217 "http://www.semicomplete.com/presentations/security/" "Mozilla/5.0 (Windows NT 6.1) AppleWebKit/535.11 (KHTML, like Gecko) Chrome/17.0.963.12 Safari/535.11"
46.105.14.53 - - [18/May/2015:00:05:19 +0000] "GET /blog/tags/puppet?flav=rss20 HTTP/1.1" 200 14872 "-" "UniversalFeedParser/4.2-pre-314-svn +http://feedparser.org/"
66.249.73.135 - - [18/May/2015:00:05:22 +0000] "GET /scripts/python/wrap/wrap.py HTTP/1.1" 200 256 "-" "Mozilla/5.0 (iPhone; CPU iPhone OS 6_0 like Mac OS X) AppleWebKit/536.26 (KHTML, like Gecko) Version/6.0 Mobile/10A5376e Safari/8536.25 (compatible; Googlebot/2.1; +http://www.google.com/bot.html)"
207.241.237.104 - - [18/May/2015:00:05:31 +0000] "GET /scripts/wakeup.sh HTTP/1.0" 200 312 "http://www.semicomplete.com/blog/tags/tools" "Mozilla/5.0 (compatible; archive.org_bot +http://www.archive.org/details/archive.org_bot)"
207.241.237.220 - - [18/May/2015:00:05:42 +0000] "GET /geekery/find-that-lost-screen-session.html HTTP/1.0" 404 326 "http://www.semicomplete.com/blog/tags/tools" "Mozilla/5.0 (compatible; archive.org_bot +http://www.archive.org/details/archive.org_bot)"
199.30.20.7 - - [18/May/2015:00:05:00 +0000] "GET /robots.txt HTTP/1.1" 200 - "-" "msnbot-media/1.1 (+http://search.msn.com/msnbot.htm)"
199.30.20.7 - - [18/May/2015:00:05:03 +0000] "GET /blog/geekery/101.html?commentlimit=0 HTTP/1.1" 200 9419 "-" "msnbot-media/1.1 (+http://search.msn.com/msnbot.htm)"
86.96.42.185 - - [18/May/2015:00:05:13 +0000] "GET /blog/tags/debugging HTTP/1.1" 200 24083 "-" "Mozilla/4.0 (MSIE 6.0; Windows NT 5.0)"
66.249.73.135 - - [18/May/2015:00:05:55 +0000] "GET /blog/tags/firefox?flav=rss20 HTTP/1.1" 200 16021 "-" "Mozilla/5.0 (compatible; Googlebot/2.1; +http://www.google.com/bot.html)"
207.241.237.102 - - [18/May/2015:00:05:21 +0000] "GET /blog/geekery/python-packages-as-rpm.html HTTP/1.0" 200 11338 "http://www.semicomplete.com/blog/tags/tools" "Mozilla/5.0 (compatible; archive.org_bot +http://www.archive.org/details/archive.org_bot)"
199.15.233.137 - - [18/May/2015:00:05:11 +0000] "GET /blog HTTP/1.0" 200 37936 "http://www.semicomplete.com/blog" "Mozilla/5.0 (Windows NT 6.2; WOW64; rv:16.0) Gecko/20100101 Firefox/16.0"
46.105.14.53 - - [18/May/2015:00:05:24 +0000] "GET /blog/tags/puppet?flav=rss20 HTTP/1.1" 200 14872 "-" "UniversalFeedParser/4.2-pre-314-svn +http://feedparser.org/"
77.230.140.4 - - [18/May/2015:00:05:16 +0000] "GET /favicon.ico HTTP/1.1" 200 3638 "http://www.semicomplete.com/projects/xdotool/xdotool.xhtml" "Opera/9.80 (X11; Linux x86_64) Presto/2.12.388 Version/12.16"
77.230.140.4 - - [18/May/2015:00:05:49 +0000] "GET /projects/xdotool/xdotool.xhtml HTTP/1.1" 200 50112 "http://www.google.es/url?sa=t&rct=j&q=&esrc=s&source=web&cd=1&ved=0CC4QFjAA&url=http%3A%2F%2Fwww.semicomplete.com%2Fprojects%2Fxdotool%2Fxdotool.xhtml&ei=TRcBU6KzELTw0gXwj4H4BQ&usg=AFQjCNFwZFAI0RQdN_N0kFH-oj8cLsJRNQ&bvm=bv.61535280,d.d2k" "Opera/9.80 (X11; Linux x86_64) Presto/2.12.388 Version/12.16"
185.5.156.107 - - [18/May/2015:00:05:37 +0000] "GET /images/googledotcom.png HTTP/1.1" 200 65748 "http://www.google.com/search?q=www.google.com&client=ms-android-sonyericsson&hl=fa&source=android-search-app&v=141400000&source=lnms&tbm=isch&sa=X&ei=VBYBU-isLojbtAaQmoGwBA&ved=0CAgQ_AUoAA" "Mozilla/5.0 (Linux; U; Android 4.0.4; fa-ir; SonyEricssonLT22i Build/6.1.1.B.1.54) AppleWebKit/534.30 (KHTML, like Gecko) Version/4.0 Mobile Safari/534.30"
98.227.31.237 - - [18/May/2015:00:05:01 +0000] "GET /projects/xdotool/ HTTP/1.1" 200 12292 "https://www.google.com/" "Mozilla/5.0 (X11; Linux x86_64) AppleWebKit/537.36 (KHTML, like Gecko) Chrome/32.0.1700.107 Safari/537.36"
98.227.31.237 - - [18/May/2015:00:05:37 +0000] "GET /reset.css HTTP/1.1" 200 1015 "http://www.semicomplete.com/projects/xdotool/" "Mozilla/5.0 (X11; Linux x86_64) AppleWebKit/537.36 (KHTML, like Gecko) Chrome/32.0.1700.107 Safari/537.36"
98.227.31.237 - - [18/May/2015:00:05:42 +0000] "GET /style2.css HTTP/1.1" 200 4877 "http://www.semicomplete.com/projects/xdotool/" "Mozilla/5.0 (X11; Linux x86_64) AppleWebKit/537.36 (KHTML, like Gecko) Chrome/32.0.1700.107 Safari/537.36"
98.227.31.237 - - [18/May/2015:00:05:54 +0000] "GET /images/jordan-80.png HTTP/1.1" 200 6146 "http://www.semicomplete.com/projects/xdotool/" "Mozilla/5.0 (X11; Linux x86_64) AppleWebKit/537.36 (KHTML, like Gecko) Chrome/32.0.1700.107 Safari/537.36"
98.227.31.237 - - [18/May/2015:00:05:47 +0000] "GET /images/web/2009/banner.png HTTP/1.1" 200 52315 "http://www.semicomplete.com/projects/xdotool/" "Mozilla/5.0 (X11; Linux x86_64) AppleWebKit/537.36 (KHTML, like Gecko) Chrome/32.0.1700.107 Safari/537.36"
98.227.31.237 - - [18/May/2015:00:05:50 +0000] "GET /favicon.ico HTTP/1.1" 200 3638 "-" "Mozilla/5.0 (X11; Linux x86_64) AppleWebKit/537.36 (KHTML, like Gecko) Chrome/32.0.1700.107 Safari/537.36"
46.105.125.31 - - [18/May/2015:00:05:19 +0000] "HEAD /projects/xdotool/ HTTP/1.1" 200 - "-" "IrssiUrlLog/0.2"
50.16.19.13 - - [18/May/2015:00:05:14 +0000] "GET /blog/tags/puppet?flav=rss20 HTTP/1.1" 200 14872 "http://www.semicomplete.com/blog/tags/puppet?flav=rss20" "Tiny Tiny RSS/1.11 (http://tt-rss.org/)"
201.216.154.220 - - [18/May/2015:00:05:53 +0000] "GET /images/googledotcom.png HTTP/1.1" 200 65748 "http://www.google.com.gt/search?q=www.google.com&client=ms-unknown&hl=es&v=141338691&source=lnms&tbm=isch&sa=X&ei=lxABU_WJGoePkAfD04GwCg&ved=0CAgQ_AUoAA" "Mozilla/5.0 (Linux; U; Android 4.0.4; es-es; Bmobile_AX540 Build/IMM76D) AppleWebKit/534.30 (KHMTL, like Gecko) Version/4.0 Mobile Safari/534.30"
84.112.29.184 - - [18/May/2015:00:05:48 +0000] "GET /projects/xdotool/ HTTP/1.1" 200 12292 "http://codebright.wordpress.com/2010/06/27/sendkeys-in-linux/" "Mozilla/5.0 (X11; Linux x86_64) AppleWebKit/537.36 (KHTML, like Gecko) Chrome/32.0.1700.77 Safari/537.36"
84.112.29.184 - - [18/May/2015:00:05:30 +0000] "GET /reset.css HTTP/1.1" 200 1015 "http://www.semicomplete.com/projects/xdotool/" "Mozilla/5.0 (X11; Linux x86_64) AppleWebKit/537.36 (KHTML, like Gecko) Chrome/32.0.1700.77 Safari/537.36"
84.112.29.184 - - [18/May/2015:00:05:24 +0000] "GET /images/jordan-80.png HTTP/1.1" 200 6146 "http://www.semicomplete.com/projects/xdotool/" "Mozilla/5.0 (X11; Linux x86_64) AppleWebKit/537.36 (KHTML, like Gecko) Chrome/32.0.1700.77 Safari/537.36"
84.112.29.184 - - [18/May/2015:00:05:27 +0000] "GET /style2.css HTTP/1.1" 200 4877 "http://www.semicomplete.com/projects/xdotool/" "Mozilla/5.0 (X11; Linux x86_64) AppleWebKit/537.36 (KHTML, like Gecko) Chrome/32.0.1700.77 Safari/537.36"
84.112.29.184 - - [18/May/2015:00:05:47 +0000] "GET /images/web/2009/banner.png HTTP/1.1" 200 52315 "http://www.semicomplete.com/projects/xdotool/" "Mozilla/5.0 (X11; Linux x86_64) AppleWebKit/537.36 (KHTML, like Gecko) Chrome/32.0.1700.77 Safari/537.36"
84.112.29.184 - - [18/May/2015:00:05:22 +0000] "GET /favicon.ico HTTP/1.1" 200 3638 "-" "Mozilla/5.0 (X11; Linux x86_64) AppleWebKit/537.36 (KHTML, like Gecko) Chrome/32.0.1700.77 Safari/537.36"
71.59.29.242 - - [18/May/2015:00:05:05 +0000] "GET /projects/xdotool/xdotool.xhtml HTTP/1.1" 200 50112 "http://www.google.com/url?q=http%3A%2F%2Fwww.semicomplete.com%2Fprojects%2Fxdotool%2Fxdotool.xhtml%23keyboard_commands&sa=D&sntz=1&usg=AFQjCNE99PSLvWBIRez711_mR6XayHJjfQ" "Mozilla/5.0 (X11; Ubuntu; Linux x86_64; rv:27.0) Gecko/20100101 Firefox/27.0"
71.59.29.242 - - [18/May/2015:00:05:27 +0000] "GET /favicon.ico HTTP/1.1" 200 3638 "-" "Mozilla/5.0 (X11; Ubuntu; Linux x86_64; rv:27.0) Gecko/20100101 Firefox/27.0"
50.90.110.61 - - [18/May/2015:00:05:41 +0000] "GET /favicon.ico HTTP/1.1" 200 3638 "-" "Mozilla/5.0 (X11; Linux x86_64; rv:30.0) Gecko/20100101 Firefox/30.0"
213.112.253.123 - - [18/May/2015:00:05:29 +0000] "GET /blog/tags/smart HTTP/1.1" 200 10068 "https://www.google.se/" "Mozilla/5.0 (Windows NT 6.1; WOW64) AppleWebKit/537.36 (KHTML, like Gecko) Chrome/32.0.1700.107 Safari/537.36"
213.112.253.123 - - [18/May/2015:00:05:21 +0000] "GET /reset.css HTTP/1.1" 200 1015 "http://www.semicomplete.com/blog/tags/smart" "Mozilla/5.0 (Windows NT 6.1; WOW64) AppleWebKit/537.36 (KHTML, like Gecko) Chrome/32.0.1700.107 Safari/537.36"
213.112.253.123 - - [18/May/2015:00:05:28 +0000] "GET /style2.css HTTP/1.1" 200 4877 "http://www.semicomplete.com/blog/tags/smart" "Mozilla/5.0 (Windows NT 6.1; WOW64) AppleWebKit/537.36 (KHTML, like Gecko) Chrome/32.0.1700.107 Safari/537.36"
213.112.253.123 - - [18/May/2015:00:05:26 +0000] "GET /images/jordan-80.png HTTP/1.1" 200 6146 "http://www.semicomplete.com/blog/tags/smart" "Mozilla/5.0 (Windows NT 6.1; WOW64) AppleWebKit/537.36 (KHTML, like Gecko) Chrome/32.0.1700.107 Safari/537.36"
213.112.253.123 - - [18/May/2015:00:05:27 +0000] "GET /images/web/2009/banner.png HTTP/1.1" 200 52315 "http://www.semicomplete.com/blog/tags/smart" "Mozilla/5.0 (Windows NT 6.1; WOW64) AppleWebKit/537.36 (KHTML, like Gecko) Chrome/32.0.1700.107 Safari/537.36"
213.112.253.123 - - [18/May/2015:00:05:32 +0000] "GET /favicon.ico HTTP/1.1" 200 3638 "-" "Mozilla/5.0 (Windows NT 6.1; WOW64) AppleWebKit/537.36 (KHTML, like Gecko) Chrome/32.0.1700.107 Safari/537.36"
117.172.98.228 - - [18/May/2015:00:05:23 +0000] "GET /presentations/logstash-puppetconf-2012/ HTTP/1.1" 200 37269 "http://semicomplete.com/" "Mozilla/5.0 (Macintosh; Intel Mac OS X 10.7; rv:21.0) Gecko/20100101 Firefox/21.0"
117.172.98.228 - - [18/May/2015:00:05:39 +0000] "GET /presentations/puppet-at-loggly/puppet-at-loggly.pdf.html HTTP/1.1" 200 24747 "http://semicomplete.com/" "Mozilla/5.0 (Macintosh; Intel Mac OS X 10.7; rv:21.0) Gecko/20100101 Firefox/21.0"
207.241.237.223 - - [18/May/2015:00:05:31 +0000] "GET /blog/geekery/find-that-lost-screen-session-2.html HTTP/1.0" 200 10566 "http://www.semicomplete.com/blog/tags/tools" "Mozilla/5.0 (compatible; archive.org_bot +http://www.archive.org/details/archive.org_bot)"
207.241.237.103 - - [18/May/2015:00:05:28 +0000] "GET /blog/tags/screen HTTP/1.0" 200 26645 "http://www.semicomplete.com/blog/tags/tools" "Mozilla/5.0 (compatible; archive.org_bot +http://www.archive.org/details/archive.org_bot)"
157.56.229.247 - - [18/May/2015:00:05:49 +0000] "GET /robots.txt HTTP/1.1" 200 - "-" "Mozilla/5.0 (compatible; bingbot/2.0; +http://www.bing.com/bingbot.htm)"
209.85.238.199 - - [18/May/2015:00:05:18 +0000] "GET /blog/tags/firefox?flav=rss20 HTTP/1.1" 200 16021 "-" "Feedfetcher-Google; (+http://www.google.com/feedfetcher.html; 3 subscribers; feed-id=14171215010336145331)"
66.249.73.135 - - [18/May/2015:00:05:19 +0000] "GET /?flav=rss20 HTTP/1.1" 200 29941 "-" "Mozilla/5.0 (compatible; Googlebot/2.1; +http://www.google.com/bot.html)"
46.105.14.53 - - [18/May/2015:00:05:23 +0000] "GET /blog/tags/puppet?flav=rss20 HTTP/1.1" 200 14872 "-" "UniversalFeedParser/4.2-pre-314-svn +http://feedparser.org/"
77.248.77.178 - - [18/May/2015:00:05:47 +0000] "GET /articles/ssh-security/ HTTP/1.1" 200 16543 "https://www.google.nl/" "Mozilla/5.0 (Windows NT 6.1; WOW64) AppleWebKit/537.36 (KHTML, like Gecko) Chrome/32.0.1700.107 Safari/537.36"
77.248.77.178 - - [18/May/2015:00:05:27 +0000] "GET /reset.css HTTP/1.1" 200 1015 "http://www.semicomplete.com/articles/ssh-security/" "Mozilla/5.0 (Windows NT 6.1; WOW64) AppleWebKit/537.36 (KHTML, like Gecko) Chrome/32.0.1700.107 Safari/537.36"
77.248.77.178 - - [18/May/2015:00:05:24 +0000] "GET /style2.css HTTP/1.1" 200 4877 "http://www.semicomplete.com/articles/ssh-security/" "Mozilla/5.0 (Windows NT 6.1; WOW64) AppleWebKit/537.36 (KHTML, like Gecko) Chrome/32.0.1700.107 Safari/537.36"
77.248.77.178 - - [18/May/2015:00:05:36 +0000] "GET /images/jordan-80.png HTTP/1.1" 200 6146 "http://www.semicomplete.com/articles/ssh-security/" "Mozilla/5.0 (Windows NT 6.1; WOW64) AppleWebKit/537.36 (KHTML, like Gecko) Chrome/32.0.1700.107 Safari/537.36"
77.248.77.178 - - [18/May/2015:00:05:14 +0000] "GET /images/web/2009/banner.png HTTP/1.1" 200 52315 "http://www.semicomplete.com/articles/ssh-security/" "Mozilla/5.0 (Windows NT 6.1; WOW64) AppleWebKit/537.36 (KHTML, like Gecko) Chrome/32.0.1700.107 Safari/537.36"
77.248.77.178 - - [18/May/2015:00:05:19 +0000] "GET /favicon.ico HTTP/1.1" 200 3638 "-" "Mozilla/5.0 (Windows NT 6.1; WOW64) AppleWebKit/537.36 (KHTML, like Gecko) Chrome/32.0.1700.107 Safari/537.36"
172.56.28.38 - - [18/May/2015:00:05:04 +0000] "GET /projects/xdotool/xdotool.xhtml HTTP/1.1" 200 50112 "http://www.google.com/url?sa=t&rct=j&q=&esrc=s&source=web&cd=1&ved=0CCQQFjAA&url=http%3A%2F%2Fwww.semicomplete.com%2Fprojects%2Fxdotool%2Fxdotool.xhtml&ei=qxgBU5zHL9O50AGn2IHgAw&usg=AFQjCNFwZFAI0RQdN_N0kFH-oj8cLsJRNQ&bvm=bv.61535280,d.dmQ" "Mozilla/5.0 (X11; Ubuntu; Linux x86_64; rv:27.0) Gecko/20100101 Firefox/27.0"
172.56.28.38 - - [18/May/2015:00:05:32 +0000] "GET /favicon.ico HTTP/1.1" 200 3638 "-" "Mozilla/5.0 (X11; Ubuntu; Linux x86_64; rv:27.0) Gecko/20100101 Firefox/27.0"
94.79.44.40 - - [18/May/2015:00:05:10 +0000] "GET /blog/geekery/xsendevent-xdotool-and-ld_preload.html HTTP/1.1" 200 10049 "http://stackoverflow.com/questions/14656615/xlib-xsendevent-click-event-do-not-work-inside-of-some-windows-on-ubuntu-12-04" "Mozilla/5.0 (X11; Linux x86_64; rv:27.0) Gecko/20100101 Firefox/27.0"
94.79.44.40 - - [18/May/2015:00:05:03 +0000] "GET /reset.css HTTP/1.1" 200 1015 "http://www.semicomplete.com/blog/geekery/xsendevent-xdotool-and-ld_preload.html" "Mozilla/5.0 (X11; Linux x86_64; rv:27.0) Gecko/20100101 Firefox/27.0"
94.79.44.40 - - [18/May/2015:00:05:33 +0000] "GET /style2.css HTTP/1.1" 200 4877 "http://www.semicomplete.com/blog/geekery/xsendevent-xdotool-and-ld_preload.html" "Mozilla/5.0 (X11; Linux x86_64; rv:27.0) Gecko/20100101 Firefox/27.0"
94.79.44.40 - - [18/May/2015:00:05:11 +0000] "GET /favicon.ico HTTP/1.1" 200 3638 "-" "Mozilla/5.0 (X11; Linux x86_64; rv:27.0) Gecko/20100101 Firefox/27.0"
94.79.44.40 - - [18/May/2015:00:05:06 +0000] "GET /images/jordan-80.png HTTP/1.1" 200 6146 "http://www.semicomplete.com/blog/geekery/xsendevent-xdotool-and-ld_preload.html" "Mozilla/5.0 (X11; Linux x86_64; rv:27.0) Gecko/20100101 Firefox/27.0"
94.79.44.40 - - [18/May/2015:00:05:42 +0000] "GET /images/web/2009/banner.png HTTP/1.1" 200 52315 "http://www.semicomplete.com/style2.css" "Mozilla/5.0 (X11; Linux x86_64; rv:27.0) Gecko/20100101 Firefox/27.0"
180.76.6.52 - - [18/May/2015:00:05:22 +0000] "GET /blog/geekery/sysprep-might-cause-early-balding.html?commentlimit=0 HTTP/1.1" 200 9043 "-" "Mozilla/5.0 (compatible; Baiduspider/2.0; +http://www.baidu.com/search/spider.html)"
117.78.13.17 - - [18/May/2015:00:05:20 +0000] "GET /robots.txt HTTP/1.0" 200 - "-" "nutch-1.4/Nutch-1.4"
117.78.13.17 - - [18/May/2015:00:05:49 +0000] "GET / HTTP/1.0" 200 37932 "-" "nutch-1.4/Nutch-1.4"
207.241.237.102 - - [18/May/2015:00:05:32 +0000] "GET /blog/tags/egg2rpm HTTP/1.0" 200 11338 "http://www.semicomplete.com/blog/tags/tools" "Mozilla/5.0 (compatible; archive.org_bot +http://www.archive.org/details/archive.org_bot)"
74.125.176.82 - - [18/May/2015:00:05:46 +0000] "GET /?flav=rss20 HTTP/1.1" 200 29941 "-" "FeedBurner/1.0 (http://www.FeedBurner.com)"
207.241.237.225 - - [18/May/2015:00:05:42 +0000] "GET /blog/productivity/wakeup-script.html HTTP/1.0" 200 8753 "http://www.semicomplete.com/blog/tags/tools" "Mozilla/5.0 (compatible; archive.org_bot +http://www.archive.org/details/archive.org_bot)"
5.63.5.62 - - [18/May/2015:00:05:59 +0000] "GET /images/googledotcom.png HTTP/1.1" 200 65748 "-" "Mozilla/5.0 (Linux; U; Android 4.1.2; en-us; GT-I8552 Build/JZO54K) AppleWebKit/534.30 (KHTML, like Gecko) Version/4.0 Mobile Safari/534.30 GSA/3.1.24.941712.arm"
207.241.237.223 - - [18/May/2015:00:05:36 +0000] "GET /blog/tags/site HTTP/1.0" 200 28160 "http://www.semicomplete.com/blog/tags/year%20review" "Mozilla/5.0 (compatible; archive.org_bot +http://www.archive.org/details/archive.org_bot)"
207.241.237.227 - - [18/May/2015:00:05:47 +0000] "GET /blog/tags/security HTTP/1.0" 200 52349 "http://www.semicomplete.com/blog/tags/year%20review" "Mozilla/5.0 (compatible; archive.org_bot +http://www.archive.org/details/archive.org_bot)"
192.3.22.170 - - [18/May/2015:00:05:32 +0000] "GET / HTTP/1.0" 200 37932 "http://www.semicomplete.com/" "Mozilla/5.0 (Macintosh; Intel Mac OS X 10.7; rv:21.0) Gecko/20100101 Firefox/21.0"
192.3.22.170 - - [18/May/2015:00:05:05 +0000] "GET /blog/geekery/installing-windows-8-consumer-preview.html HTTP/1.0" 200 8948 "http://www.semicomplete.com/" "Mozilla/5.0 (Macintosh; Intel Mac OS X 10.7; rv:21.0) Gecko/20100101 Firefox/21.0"
46.105.14.53 - - [18/May/2015:00:05:56 +0000] "GET /blog/tags/puppet?flav=rss20 HTTP/1.1" 200 14872 "-" "UniversalFeedParser/4.2-pre-314-svn +http://feedparser.org/"
207.241.237.227 - - [18/May/2015:01:05:15 +0000] "GET /blog/tags/releases HTTP/1.0" 200 19781 "http://www.semicomplete.com/blog/tags/year%20review" "Mozilla/5.0 (compatible; archive.org_bot +http://www.archive.org/details/archive.org_bot)"
207.241.237.220 - - [18/May/2015:01:05:11 +0000] "GET /blog/geekery/tsawm-window-manager-project.html HTTP/1.0" 200 10489 "http://www.semicomplete.com/blog/tags/year%20review" "Mozilla/5.0 (compatible; archive.org_bot +http://www.archive.org/details/archive.org_bot)"
207.241.237.225 - - [18/May/2015:01:05:53 +0000] "GET /blog/tags/xdo HTTP/1.0" 200 17500 "http://www.semicomplete.com/blog/tags/year%20review" "Mozilla/5.0 (compatible; archive.org_bot +http://www.archive.org/details/archive.org_bot)"
173.44.57.180 - - [18/May/2015:01:05:47 +0000] "GET /blog/projects HTTP/1.1" 200 54683 "http://www.semicomplete.com/" "Mozilla/5.0 (Macintosh; Intel Mac OS X 10.7; rv:21.0) Gecko/20100101 Firefox/21.0"
207.241.237.104 - - [18/May/2015:01:05:56 +0000] "GET /blog/tags/software HTTP/1.0" 200 11159 "http://www.semicomplete.com/blog/tags/year%20review" "Mozilla/5.0 (compatible; archive.org_bot +http://www.archive.org/details/archive.org_bot)"
85.28.124.249 - - [18/May/2015:01:05:25 +0000] "GET /articles/dynamic-dns-with-dhcp/ HTTP/1.1" 200 18848 "https://www.google.pl/" "Mozilla/5.0 (Windows NT 5.1) AppleWebKit/537.36 (KHTML, like Gecko) Chrome/32.0.1700.107 Safari/537.36"
85.28.124.249 - - [18/May/2015:01:05:08 +0000] "GET /style2.css HTTP/1.1" 200 4877 "http://www.semicomplete.com/articles/dynamic-dns-with-dhcp/" "Mozilla/5.0 (Windows NT 5.1) AppleWebKit/537.36 (KHTML, like Gecko) Chrome/32.0.1700.107 Safari/537.36"
85.28.124.249 - - [18/May/2015:01:05:50 +0000] "GET /images/jordan-80.png HTTP/1.1" 200 6146 "http://www.semicomplete.com/articles/dynamic-dns-with-dhcp/" "Mozilla/5.0 (Windows NT 5.1) AppleWebKit/537.36 (KHTML, like Gecko) Chrome/32.0.1700.107 Safari/537.36"
85.28.124.249 - - [18/May/2015:01:05:59 +0000] "GET /reset.css HTTP/1.1" 200 1015 "http://www.semicomplete.com/articles/dynamic-dns-with-dhcp/" "Mozilla/5.0 (Windows NT 5.1) AppleWebKit/537.36 (KHTML, like Gecko) Chrome/32.0.1700.107 Safari/537.36"
85.28.124.249 - - [18/May/2015:01:05:33 +0000] "GET /images/web/2009/banner.png HTTP/1.1" 200 52315 "http://www.semicomplete.com/articles/dynamic-dns-with-dhcp/" "Mozilla/5.0 (Windows NT 5.1) AppleWebKit/537.36 (KHTML, like Gecko) Chrome/32.0.1700.107 Safari/537.36"
85.28.124.249 - - [18/May/2015:01:05:00 +0000] "GET /favicon.ico HTTP/1.1" 200 3638 "-" "Mozilla/5.0 (Windows NT 5.1) AppleWebKit/537.36 (KHTML, like Gecko) Chrome/32.0.1700.107 Safari/537.36"
66.249.73.135 - - [18/May/2015:01:05:52 +0000] "GET /?flav=atom HTTP/1.1" 200 32352 "-" "Mozilla/5.0 (compatible; Googlebot/2.1; +http://www.google.com/bot.html)"
100.43.83.137 - - [18/May/2015:01:05:16 +0000] "GET /presentations/logstash-scale11x/images/logstashbook.png HTTP/1.1" 304 - "-" "Mozilla/5.0 (compatible; YandexImages/3.0; +http://yandex.com/bots)"
207.241.237.223 - - [18/May/2015:01:05:26 +0000] "GET /blog/geekery/xscreensaver-hack-to-not-annoy-coworkers.html HTTP/1.0" 200 8851 "http://www.semicomplete.com/blog/tags/year%20review" "Mozilla/5.0 (compatible; archive.org_bot +http://www.archive.org/details/archive.org_bot)"
207.241.237.102 - - [18/May/2015:01:05:21 +0000] "GET /blog/geekery/python-data-bdb-and-friends.html HTTP/1.0" 200 11607 "http://www.semicomplete.com/blog/tags/year%20review" "Mozilla/5.0 (compatible; archive.org_bot +http://www.archive.org/details/archive.org_bot)"
207.241.237.223 - - [18/May/2015:01:05:14 +0000] "GET /blog/tags/shdh18 HTTP/1.0" 200 14598 "http://www.semicomplete.com/blog/tags/year%20review" "Mozilla/5.0 (compatible; archive.org_bot +http://www.archive.org/details/archive.org_bot)"
207.241.237.223 - - [18/May/2015:01:05:54 +0000] "GET /blog/tags/strtok HTTP/1.0" 200 10404 "http://www.semicomplete.com/blog/tags/year%20review" "Mozilla/5.0 (compatible; archive.org_bot +http://www.archive.org/details/archive.org_bot)"
207.241.237.221 - - [18/May/2015:01:05:21 +0000] "GET /blog/geekery/a-step-in-a-new-direction.html HTTP/1.0" 200 15431 "http://www.semicomplete.com/blog/tags/year%20review" "Mozilla/5.0 (compatible; archive.org_bot +http://www.archive.org/details/archive.org_bot)"
207.241.237.221 - - [18/May/2015:01:05:24 +0000] "GET /blog/tags/pam_captcha HTTP/1.0" 200 14868 "http://www.semicomplete.com/blog/tags/year%20review" "Mozilla/5.0 (compatible; archive.org_bot +http://www.archive.org/details/archive.org_bot)"
207.241.237.220 - - [18/May/2015:01:05:38 +0000] "GET /blog/geekery/eventdb-ideas.html HTTP/1.0" 200 11418 "http://www.semicomplete.com/blog/tags/year%20review" "Mozilla/5.0 (compatible; archive.org_bot +http://www.archive.org/details/archive.org_bot)"
207.241.237.220 - - [18/May/2015:01:05:24 +0000] "GET /blog/tags/barcampstanford HTTP/1.0" 200 18698 "http://www.semicomplete.com/blog/tags/year%20review" "Mozilla/5.0 (compatible; archive.org_bot +http://www.archive.org/details/archive.org_bot)"
207.241.237.101 - - [18/May/2015:01:05:40 +0000] "GET /blog/geekery/mini-freebsd-script.html HTTP/1.0" 200 10638 "http://www.semicomplete.com/blog/tags/year%20review" "Mozilla/5.0 (compatible; archive.org_bot +http://www.archive.org/details/archive.org_bot)"
207.241.237.104 - - [18/May/2015:01:05:49 +0000] "GET /blog/tags/xpathtool HTTP/1.0" 200 12150 "http://www.semicomplete.com/blog/tags/year%20review" "Mozilla/5.0 (compatible; archive.org_bot +http://www.archive.org/details/archive.org_bot)"
66.249.73.185 - - [18/May/2015:01:05:47 +0000] "GET /files/pam_logfailure/ HTTP/1.1" 200 992 "-" "SAMSUNG-SGH-E250/1.0 Profile/MIDP-2.0 Configuration/CLDC-1.1 UP.Browser/6.2.3.3.c.1.101 (GUI) MMP/2.0 (compatible; Googlebot-Mobile/2.1; +http://www.google.com/bot.html)"
207.241.237.220 - - [18/May/2015:01:05:32 +0000] "GET /blog/tags/pcre HTTP/1.0" 200 19905 "http://www.semicomplete.com/blog/tags/year%20review" "Mozilla/5.0 (compatible; archive.org_bot +http://www.archive.org/details/archive.org_bot)"
207.241.237.102 - - [18/May/2015:01:05:20 +0000] "GET /blog/tags/apache HTTP/1.0" 200 15846 "http://www.semicomplete.com/blog/tags/year%20review" "Mozilla/5.0 (compatible; archive.org_bot +http://www.archive.org/details/archive.org_bot)"
50.152.223.37 - - [18/May/2015:01:05:10 +0000] "GET /presentations/logstash-scale11x/images/logstash.png HTTP/1.1" 200 47731 "http://kufli.blogspot.com/2013/07/log-analysis-using-logstash.html" "Mozilla/5.0 (Windows NT 6.1; WOW64) AppleWebKit/537.36 (KHTML, like Gecko) Chrome/32.0.1700.107 Safari/537.36"
207.241.237.103 - - [18/May/2015:01:05:42 +0000] "GET /blog/geekery/grok-like-grep.html HTTP/1.0" 200 11885 "http://www.semicomplete.com/blog/tags/year%20review" "Mozilla/5.0 (compatible; archive.org_bot +http://www.archive.org/details/archive.org_bot)"
46.105.14.53 - - [18/May/2015:01:05:55 +0000] "GET /blog/tags/puppet?flav=rss20 HTTP/1.1" 200 14872 "-" "UniversalFeedParser/4.2-pre-314-svn +http://feedparser.org/"
66.249.73.135 - - [18/May/2015:01:05:47 +0000] "GET /articles/dynamic-dns-with-dhcp/ HTTP/1.1" 200 18848 "-" "Mozilla/5.0 (compatible; Googlebot/2.1; +http://www.google.com/bot.html)"
207.241.237.225 - - [18/May/2015:01:05:22 +0000] "GET /blog/tags/extension HTTP/1.0" 200 11376 "http://www.semicomplete.com/blog/tags/year%20review" "Mozilla/5.0 (compatible; archive.org_bot +http://www.archive.org/details/archive.org_bot)"
66.249.73.135 - - [18/May/2015:01:05:29 +0000] "GET /blog/tags/installer%20failure HTTP/1.1" 200 8948 "-" "Mozilla/5.0 (compatible; Googlebot/2.1; +http://www.google.com/bot.html)"
207.241.237.101 - - [18/May/2015:01:05:00 +0000] "GET /blog/geekery/year-in-review-2006.html HTTP/1.0" 200 11717 "http://www.semicomplete.com/blog/tags/year%20review" "Mozilla/5.0 (compatible; archive.org_bot +http://www.archive.org/details/archive.org_bot)"
54.234.1.193 - - [18/May/2015:01:05:48 +0000] "GET /favicon.ico HTTP/1.1" 200 3638 "-" "HTTP_Request2/2.1.1 (http://pear.php.net/package/http_request2) PHP/5.3.2-1ubuntu4.18"
207.241.237.227 - - [18/May/2015:01:05:49 +0000] "GET /blog/tags/defcon15 HTTP/1.0" 200 20233 "http://www.semicomplete.com/blog/tags/year%20review" "Mozilla/5.0 (compatible; archive.org_bot +http://www.archive.org/details/archive.org_bot)"
100.43.83.137 - - [18/May/2015:01:05:03 +0000] "GET /presentations/logstash-puppetconf-2012/images/kibana-logstash-downloads.png HTTP/1.1" 304 - "-" "Mozilla/5.0 (compatible; YandexImages/3.0; +http://yandex.com/bots)"
207.241.237.220 - - [18/May/2015:01:05:44 +0000] "GET /blog/tags/tales-of-olden-time HTTP/1.0" 200 11717 "http://www.semicomplete.com/blog/tags/year%20review" "Mozilla/5.0 (compatible; archive.org_bot +http://www.archive.org/details/archive.org_bot)"
50.16.19.13 - - [18/May/2015:01:05:41 +0000] "GET /blog/tags/puppet?flav=rss20 HTTP/1.1" 200 14872 "http://www.semicomplete.com/blog/tags/puppet?flav=rss20" "Tiny Tiny RSS/1.11 (http://tt-rss.org/)"
100.43.83.137 - - [18/May/2015:01:05:09 +0000] "GET /presentations/logstash-scale11x/images/tiered-redis-input.jpg HTTP/1.1" 304 - "-" "Mozilla/5.0 (compatible; YandexImages/3.0; +http://yandex.com/bots)"
82.145.219.13 - - [18/May/2015:01:05:11 +0000] "GET /blog HTTP/1.1" 200 37936 "-" "Opera/9.80 (iPhone; Opera Mini/7.0.3/34.1244; U; de) Presto/2.8.119 Version/11.10"
82.145.219.13 - - [18/May/2015:01:05:07 +0000] "GET /style2.css HTTP/1.1" 200 4877 "http://www.semicomplete.com/blog" "Opera/9.80 (iPhone; Opera Mini/7.0.3/34.1244; U; de) Presto/2.8.119 Version/11.10"
82.145.219.13 - - [18/May/2015:01:05:38 +0000] "GET /favicon.ico HTTP/1.1" 200 3638 "http://www.semicomplete.com/blog" "Opera/9.80 (iPhone; Opera Mini/7.0.3/34.1244; U; de) Presto/2.8.119 Version/11.10"
82.145.219.13 - - [18/May/2015:01:05:10 +0000] "GET /images/jordan-80.png HTTP/1.1" 200 6146 "http://www.semicomplete.com/blog" "Opera/9.80 (iPhone; Opera Mini/7.0.3/34.1244; U; de) Presto/2.8.119 Version/11.10"
82.145.219.13 - - [18/May/2015:01:05:02 +0000] "GET /reset.css HTTP/1.1" 200 1015 "http://www.semicomplete.com/blog" "Opera/9.80 (iPhone; Opera Mini/7.0.3/34.1244; U; de) Presto/2.8.119 Version/11.10"
82.145.219.13 - - [18/May/2015:01:05:26 +0000] "GET /images/web/2009/banner.png HTTP/1.1" 200 52315 "http://www.semicomplete.com/blog" "Opera/9.80 (iPhone; Opera Mini/7.0.3/34.1244; U; de) Presto/2.8.119 Version/11.10"
207.241.237.220 - - [18/May/2015:01:05:43 +0000] "GET /blog/tags/c++ HTTP/1.0" 200 27925 "http://www.semicomplete.com/blog/tags/year%20review" "Mozilla/5.0 (compatible; archive.org_bot +http://www.archive.org/details/archive.org_bot)"
207.241.237.101 - - [18/May/2015:01:05:37 +0000] "GET /blog/geekery/wsj-feature.html HTTP/1.0" 200 9583 "http://www.semicomplete.com/blog/tags/year%20review" "Mozilla/5.0 (compatible; archive.org_bot +http://www.archive.org/details/archive.org_bot)"
207.241.237.225 - - [18/May/2015:01:05:40 +0000] "GET /blog/geekery/grok-and-eventdb.html HTTP/1.0" 200 12456 "http://www.semicomplete.com/blog/tags/year%20review" "Mozilla/5.0 (compatible; archive.org_bot +http://www.archive.org/details/archive.org_bot)"
173.217.194.185 - - [18/May/2015:01:05:03 +0000] "GET /presentations/logstash-preso-1.0/images/ahhh___rage_face_by_samusmmx-d5g5zap.png HTTP/1.1" 200 175208 "-" "Mozilla/5.0 (Windows NT 6.3; WOW64; Trident/7.0; rv:11.0) like Gecko"
144.76.137.226 - - [18/May/2015:01:05:57 +0000] "GET /robots.txt HTTP/1.0" 200 - "-" "Mozilla/5.0 (compatible; MJ12bot/v1.4.4; http://www.majestic12.co.uk/bot.php?+)"
207.241.237.223 - - [18/May/2015:01:05:33 +0000] "GET /blog/geekery/storageutils-db-graphs-etc.html HTTP/1.0" 200 10167 "http://www.semicomplete.com/blog/tags/year%20review" "Mozilla/5.0 (compatible; archive.org_bot +http://www.archive.org/details/archive.org_bot)"
144.76.137.226 - - [18/May/2015:01:05:54 +0000] "GET /projects/firefox-urledit/urledit-screencast.html HTTP/1.0" 200 783 "-" "Mozilla/5.0 (compatible; MJ12bot/v1.4.4; http://www.majestic12.co.uk/bot.php?+)"
207.241.237.223 - - [18/May/2015:01:05:58 +0000] "GET /blog/geekery/jquery-interface-puffer.html HTTP/1.0" 200 9799 "http://ijavascript.cn/jquery/jquery-plugin-list-470.html" "Mozilla/5.0 (compatible; archive.org_bot +http://www.archive.org/details/archive.org_bot)"
207.241.237.226 - - [18/May/2015:01:05:07 +0000] "GET /blog/tags/mashupcampdublin HTTP/1.0" 200 13867 "http://www.semicomplete.com/blog/tags/year%20review" "Mozilla/5.0 (compatible; archive.org_bot +http://www.archive.org/details/archive.org_bot)"
207.241.237.223 - - [18/May/2015:01:05:19 +0000] "GET /blog/tags/gtk HTTP/1.0" 200 14316 "http://www.semicomplete.com/blog/tags/year%20review" "Mozilla/5.0 (compatible; archive.org_bot +http://www.archive.org/details/archive.org_bot)"
66.249.73.135 - - [18/May/2015:01:05:36 +0000] "GET /blog/geekery/sequencing-and-searching-strings HTTP/1.1" 200 15370 "-" "Mozilla/5.0 (iPhone; CPU iPhone OS 6_0 like Mac OS X) AppleWebKit/536.26 (KHTML, like Gecko) Version/6.0 Mobile/10A5376e Safari/8536.25 (compatible; Googlebot/2.1; +http://www.google.com/bot.html)"
207.241.237.104 - - [18/May/2015:01:05:00 +0000] "GET /blog/geekery/grok-and-advanced-regex HTTP/1.0" 200 11715 "http://www.semicomplete.com/blog/tags/year%20review" "Mozilla/5.0 (compatible; archive.org_bot +http://www.archive.org/details/archive.org_bot)"
207.241.237.101 - - [18/May/2015:01:05:35 +0000] "GET /blog/geekery/splitting-large-logs.html HTTP/1.0" 200 11920 "http://www.semicomplete.com/blog/tags/year%20review" "Mozilla/5.0 (compatible; archive.org_bot +http://www.archive.org/details/archive.org_bot)"
207.241.237.226 - - [18/May/2015:01:05:46 +0000] "GET /blog/geekery/squid-selenium-dance-party.html HTTP/1.0" 200 9633 "http://www.semicomplete.com/blog/tags/year%20review" "Mozilla/5.0 (compatible; archive.org_bot +http://www.archive.org/details/archive.org_bot)"
46.105.14.53 - - [18/May/2015:01:05:47 +0000] "GET /blog/tags/puppet?flav=rss20 HTTP/1.1" 200 14872 "-" "UniversalFeedParser/4.2-pre-314-svn +http://feedparser.org/"
207.241.237.101 - - [18/May/2015:01:05:32 +0000] "GET /blog/geekery/simple-mysql-slave-id-scaling.html HTTP/1.0" 200 11199 "http://www.semicomplete.com/blog/tags/year%20review" "Mozilla/5.0 (compatible; archive.org_bot +http://www.archive.org/details/archive.org_bot)"
207.241.237.221 - - [18/May/2015:01:05:20 +0000] "GET /blog/tags/cgrok HTTP/1.0" 200 14014 "http://www.semicomplete.com/blog/tags/year%20review" "Mozilla/5.0 (compatible; archive.org_bot +http://www.archive.org/details/archive.org_bot)"
207.241.237.220 - - [18/May/2015:01:05:03 +0000] "GET /blog/geekery/grok-gets-more-ridiculous.html HTTP/1.0" 200 9975 "http://www.semicomplete.com/blog/tags/year%20review" "Mozilla/5.0 (compatible; archive.org_bot +http://www.archive.org/details/archive.org_bot)"
207.241.237.226 - - [18/May/2015:01:05:56 +0000] "GET /blog/tags/c++grok HTTP/1.0" 200 13064 "http://www.semicomplete.com/blog/tags/year%20review" "Mozilla/5.0 (compatible; archive.org_bot +http://www.archive.org/details/archive.org_bot)"
86.76.247.183 - - [18/May/2015:01:05:44 +0000] "GET /presentations/logstash-preso-1.0/ HTTP/1.1" 200 56479 "http://www.google.fr/imgres?safe=active&rlz=1C1GGGE_frFR372&espvd=210&es_sm=122&biw=1680&bih=925&tbm=isch&tbnid=R12t1E-Ol4AzhM%3A&imgrefurl=http%3A%2F%2Fwww.semicomplete.com%2Fpresentations%2Flogstash-preso-1.0%2F&docid=IhBOsaO4IbjvoM&imgurl=http%3A%2F%2Fwww.semicomplete.com%2Fpresentations%2Flogstash-preso-1.0%2Fimages%2Fahhh___rage_face_by_samusmmx-d5g5zap.png&w=576&h=570&ei=exwBU6HBFKbB0QWPpoDYDg&zoom=1&iact=rc&dur=1114&page=1&start=0&ndsp=46&ved=0CIsBEK0DMBI" "Mozilla/5.0 (Windows NT 6.1; WOW64) AppleWebKit/537.36 (KHTML, like Gecko) Chrome/32.0.1700.107 Safari/537.36"
